Command: C:\Espressif\python_env\idf5.5_py3.11_env\Scripts\python.exe C:\Users\Holli\esp-idf\tools/idf_monitor.py -p COM5 -b 115200 --toolchain-prefix xtensa-esp32-elf- --target esp32 --revision 0 C:\Users\Holli\esp-idf\Projects\eagle-eye\main\build\main.elf C:\Users\Holli\esp-idf\Projects\eagle-eye\main\build\bootloader\bootloader.elf --force-color -m 'C:\Espressif\python_env\idf5.5_py3.11_env\Scripts\python.exe' 'C:\Users\Holli\esp-idf\tools\idf.py'
ets Jul 29 2019 12:21:46

rst:0x1 (POWERON_RESET),boot:0x1b (SPI_FAS�ets Jul 29 2019 12:21:46

rst:0x1 (POWERON_RESET),boot:0x1b (SPI_FAST_FLASH_BOOT)
configsip: 0, SPIWP:0xee
clk_drv:0x00,q_drv:0x00,d_drv:0x00,cs0_drv:0x00,hd_drv:0x00,wp_drv:0x00
mode:DIO, clock div:1
load:0x3fff0030,len:6328
load:0x40078000,len:15836
ho 0 tail 12 room 4
load:0x40080400,len:3860
entry 0x40080638
[0;32mI (29) boot: ESP-IDF v5.5-dev-1346-gcc9fb5bd5e 2nd stage bootloader[0m
[0;32mI (29) boot: compile time Jan 16 2025 03:35:24[0m
[0;32mI (29) boot: Multicore bootloader[0m
[0;32mI (32) boot: chip revision: v3.1[0m
[0;32mI (35) boot.esp32: SPI Speed      : 80MHz[0m
[0;32mI (39) boot.esp32: SPI Mode       : DIO[0m
[0;32mI (42) boot.esp32: SPI Flash Size : 2MB[0m
[0;32mI (46) boot: Enabling RNG early entropy source...[0m
[0;32mI (50) boot: Partition Table:[0m
[0;32mI (53) boot: ## Label            Usage          Type ST Offset   Length[0m
[0;32mI (59) boot:  0 nvs              WiFi data        01 02 00009000 00006000[0m
[0;32mI (66) boot:  1 phy_init         RF data          01 01 0000f000 00001000[0m
[0;32mI (72) boot:  2 factory          factory app      00 00 00010000 00100000[0m
[0;32mI (79) boot: End of partition table[0m
[0;32mI (82) esp_image: segment 0: paddr=00010020 vaddr=3f400020 size=0dc24h ( 56356) map[0m
[0;32mI (106) esp_image: segment 1: paddr=0001dc4c vaddr=3ff80000 size=0001ch (    28) load[0m
[0;32mI (106) esp_image: segment 2: paddr=0001dc70 vaddr=3ffb0000 size=023a8h (  9128) load[0m
[0;32mI (112) esp_image: segment 3: paddr=00020020 vaddr=400d0020 size=16bach ( 93100) map[0m
[0;32mI (143) esp_image: segment 4: paddr=00036bd4 vaddr=3ffb23a8 size=0002ch (    44) load[0m
[0;32mI (144) esp_image: segment 5: paddr=00036c08 vaddr=40080000 size=10814h ( 67604) load[0m
[0;32mI (177) boot: Loaded app from partition at offset 0x10000[0m
[0;32mI (177) boot: Disabling RNG early entropy source...[0m
[0;32mI (188) quad_psram: This chip is ESP32-D0WD[0m
[0;32mI (188) esp_psram: Found 8MB PSRAM device[0m
[0;32mI (189) esp_psram: Speed: 80MHz[0m
[0;32mI (189) esp_psram: PSRAM initialized, cache is in low/high (2-core) mode.[0m
[0;33mW (195) esp_psram: Virtual address not enough for PSRAM, map as much as we can. 4MB is mapped[0m
[0;32mI (203) cpu_start: Multicore app[0m
[0;32mI (720) esp_psram: SPI SRAM memory test OK[0m
[0;32mI (728) cpu_start: Pro cpu start user code[0m
[0;32mI (728) cpu_start: cpu freq: 160000000 Hz[0m
[0;32mI (728) app_init: Application information:[0m
[0;32mI (728) app_init: Project name:     main[0m
[0;32mI (732) app_init: App version:      b98c57f-dirty[0m
[0;32mI (736) app_init: Compile time:     Jan 16 2025 04:25:57[0m
[0;32mI (741) app_init: ELF file SHA256:  2d9da92e5...[0m
[0;32mI (746) app_init: ESP-IDF:          v5.5-dev-1346-gcc9fb5bd5e[0m
[0;32mI (751) efuse_init: Min chip rev:     v0.0[0m
[0;32mI (755) efuse_init: Max chip rev:     v3.99 [0m
[0;32mI (759) efuse_init: Chip rev:         v3.1[0m
[0;32mI (763) heap_init: Initializing. RAM available for dynamic allocation:[0m
[0;32mI (769) heap_init: At 3FFAE6E0 len 00001920 (6 KiB): DRAM[0m
[0;32mI (774) heap_init: At 3FFB2D18 len 0002D2E8 (180 KiB): DRAM[0m
[0;32mI (780) heap_init: At 3FFE0440 len 00003AE0 (14 KiB): D/IRAM[0m
[0;32mI (785) heap_init: At 3FFE4350 len 0001BCB0 (111 KiB): D/IRAM[0m
[0;32mI (791) heap_init: At 40090814 len 0000F7EC (61 KiB): IRAM[0m
[0;32mI (796) esp_psram: Adding pool of 4096K of PSRAM memory to heap allocator[0m
[0;32mI (803) spi_flash: detected chip: generic[0m
[0;32mI (806) spi_flash: flash io: dio[0m
[0;33mW (809) spi_flash: Detected size(4096k) larger than the size in the binary image header(2048k). Using the size in the binary image header.[0m
[0;32mI (822) main_task: Started on CPU0[0m
[0;32mI (832) esp_psram: Reserving pool of 32K of internal memory for DMA/internal allocations[0m
[0;32mI (832) main_task: Calling app_main()[0m
[0;32mI (832) camera: SD card mounted successfully[0m
[0;32mI (832) main_task: Returned from app_main()[0m
