Command: C:\Espressif\python_env\idf5.5_py3.11_env\Scripts\python.exe C:\Users\Holli\esp-idf\tools/idf_monitor.py -p COM5 -b 115200 --toolchain-prefix xtensa-esp32-elf- --target esp32 --revision 0 C:\Users\Holli\esp-idf\Projects\eagle-eye\main\build\main.elf C:\Users\Holli\esp-idf\Projects\eagle-eye\main\build\bootloader\bootloader.elf --force-color -m 'C:\Espressif\python_env\idf5.5_py3.11_env\Scripts\python.exe' 'C:\Users\Holli\esp-idf\tools\idf.py' '-p' 'COM5'
ets Jul 29 2019 12:21:46

rst:0x1 (POWERON_RESET),boot:0x1b (SPI_F�ets Jul 29 2019 12:21:46

rst:0x1 (POWERON_RESET),boot:0x1b (SPI_FAST_FLASH_BOOT)
configsip: 0, SPIWP:0xee
clk_drv:0x00,q_drv:0x00,d_drv:0x00,cs0_drv:0x00,hd_drv:0x00,wp_drv:0x00
mode:DIO, clock div:2
load:0x3fff0030,len:6328
load:0x40078000,len:15828
load:0x40080400,len:3860
entry 0x40080638
[0;32mI (27) boot: ESP-IDF v5.5-dev-1346-gcc9fb5bd5e 2nd stage bootloader[0m
[0;32mI (27) boot: compile time Jan 15 2025 23:47:32[0m
[0;32mI (27) boot: Multicore bootloader[0m
[0;32mI (30) boot: chip revision: v3.1[0m
[0;32mI (33) boot.esp32: SPI Speed      : 40MHz[0m
[0;32mI (37) boot.esp32: SPI Mode       : DIO[0m
[0;32mI (40) boot.esp32: SPI Flash Size : 2MB[0m
[0;32mI (44) boot: Enabling RNG early entropy source...[0m
[0;32mI (49) boot: Partition Table:[0m
[0;32mI (51) boot: ## Label            Usage          Type ST Offset   Length[0m
[0;32mI (57) boot:  0 nvs              WiFi data        01 02 00009000 00006000[0m
[0;32mI (64) boot:  1 phy_init         RF data          01 01 0000f000 00001000[0m
[0;32mI (71) boot:  2 factory          factory app      00 00 00010000 00100000[0m
[0;32mI (77) boot: End of partition table[0m
[0;32mI (80) esp_image: segment 0: paddr=00010020 vaddr=3f400020 size=12234h ( 74292) map[0m
[0;32mI (113) esp_image: segment 1: paddr=0002225c vaddr=3ff80000 size=0001ch (    28) load[0m
[0;32mI (114) esp_image: segment 2: paddr=00022280 vaddr=3ffb0000 size=03630h ( 13872) load[0m
[0;32mI (122) esp_image: segment 3: paddr=000258b8 vaddr=40080000 size=0a760h ( 42848) load[0m
[0;32mI (141) esp_image: segment 4: paddr=00030020 vaddr=400d0020 size=336b8h (210616) map[0m
[0;32mI (214) esp_image: segment 5: paddr=000636e0 vaddr=4008a760 size=037b0h ( 14256) load[0m
[0;32mI (227) boot: Loaded app from partition at offset 0x10000[0m
[0;32mI (227) boot: Disabling RNG early entropy source...[0m
[0;32mI (237) cpu_start: Multicore app[0m
[0;32mI (245) cpu_start: Pro cpu start user code[0m
[0;32mI (245) cpu_start: cpu freq: 160000000 Hz[0m
[0;32mI (246) app_init: Application information:[0m
[0;32mI (246) app_init: Project name:     main[0m
[0;32mI (249) app_init: App version:      b98c57f[0m
[0;32mI (253) app_init: Compile time:     Jan 15 2025 23:47:36[0m
[0;32mI (258) app_init: ELF file SHA256:  b3e914c66...[0m
[0;32mI (262) app_init: ESP-IDF:          v5.5-dev-1346-gcc9fb5bd5e[0m
[0;32mI (268) efuse_init: Min chip rev:     v0.0[0m
[0;32mI (272) efuse_init: Max chip rev:     v3.99 [0m
[0;32mI (276) efuse_init: Chip rev:         v3.1[0m
[0;32mI (280) heap_init: Initializing. RAM available for dynamic allocation:[0m
[0;32mI (286) heap_init: At 3FFAE6E0 len 00001920 (6 KiB): DRAM[0m
[0;32mI (291) heap_init: At 3FFB4808 len 0002B7F8 (173 KiB): DRAM[0m
[0;32mI (296) heap_init: At 3FFE0440 len 00003AE0 (14 KiB): D/IRAM[0m
[0;32mI (302) heap_init: At 3FFE4350 len 0001BCB0 (111 KiB): D/IRAM[0m
[0;32mI (307) heap_init: At 4008DF10 len 000120F0 (72 KiB): IRAM[0m
[0;32mI (314) spi_flash: detected chip: generic[0m
[0;32mI (316) spi_flash: flash io: dio[0m
[0;33mW (319) spi_flash: Detected size(4096k) larger than the size in the binary image header(2048k). Using the size in the binary image header.[0m
[0;32mI (332) main_task: Started on CPU0[0m
[0;32mI (342) main_task: Calling app_main()[0m
[0;32mI (342) gpio: GPIO[25]| InputEn: 1| OutputEn: 0| OpenDrain: 0| Pullup: 1| Pulldown: 0| Intr:2 [0m
[0;32mI (342) cam_hal: cam init ok[0m
[0;32mI (342) sccb-ng: pin_sda 26 pin_scl 27[0m
[0;32mI (342) sccb-ng: sccb_i2c_port=1[0m
[0;32mI (362) camera: Detected camera at address=0x3c[0m
[0;32mI (362) camera: Detected OV3660 camera[0m
[0;32mI (362) camera: Camera PID=0x3660 VER=0x00 MIDL=0x00 MIDH=0x00[0m
[0;32mI (672) cam_hal: buffer_size: 32768, half_buffer_size: 4096, node_buffer_size: 2048, node_cnt: 16, total_cnt: 23[0m
[0;32mI (672) cam_hal: Allocating 96000 Byte frame buffer in PSRAM[0m
[1;31mE (672) cam_hal: cam_dma_config(301): frame buffer malloc failed[0m
[1;31mE (682) cam_hal: cam_config(390): cam_dma_config failed[0m
[1;31mE (682) camera: Camera config failed with error 0xffffffff[0m
[1;31mE (692) camera: Camera init failed with error 0x-1[0m
[0;32mI (692) gpio: GPIO[13]| InputEn: 0| OutputEn: 1| OpenDrain: 0| Pullup: 0| Pulldown: 0| Intr:0 [0m
[1;31mE (752) sdmmc_sd: sdmmc_init_sd_ssr: sdmmc_send_cmd returned 0xffffffff[0m
[1;31mE (752) vfs_fat_sdmmc: sdmmc_card_init failed (0xffffffff).[0m
[0;32mI (752) gpio: GPIO[14]| InputEn: 0| OutputEn: 0| OpenDrain: 0| Pullup: 1| Pulldown: 0| Intr:0 [0m
[0;32mI (752) gpio: GPIO[15]| InputEn: 0| OutputEn: 0| OpenDrain: 0| Pullup: 1| Pulldown: 0| Intr:0 [0m
[0;32mI (762) gpio: GPIO[2]| InputEn: 0| OutputEn: 0| OpenDrain: 0| Pullup: 1| Pulldown: 0| Intr:0 [0m
[0;32mI (772) gpio: GPIO[4]| InputEn: 0| OutputEn: 0| OpenDrain: 0| Pullup: 1| Pulldown: 0| Intr:0 [0m
[0;32mI (782) gpio: GPIO[12]| InputEn: 0| OutputEn: 0| OpenDrain: 0| Pullup: 1| Pulldown: 0| Intr:0 [0m
[0;32mI (792) gpio: GPIO[13]| InputEn: 0| OutputEn: 0| OpenDrain: 0| Pullup: 1| Pulldown: 0| Intr:0 [0m
Guru Meditation Error: Core  0 panic'ed (LoadProhibited). Exception was unhandled.

Core  0 register dump:
PC      : 0x400d820d  PS      : 0x00060330  A0      : 0x800d82b1  A1      : 0x3ffb6a10  
A2      : 0x00000003  A3      : 0x3f402300  A4      : 0x3f402374  A5      : 0x3ffb6ae0  
A6      : 0x3ffb6a70  A7      : 0x00000000  A8      : 0x800d820a  A9      : 0x3ffb69f0  
A10     : 0x00000322  A11     : 0x3f403634  A12     : 0x3ffb6a70  A13     : 0x3ffb6aa8  
A14     : 0x3ffb6ab8  A15     : 0x00000001  SAR     : 0x00000013  EXCCAUSE: 0x0000001c  
EXCVADDR: 0x00000004  LBEG    : 0x4000c46c  LEND    : 0x4000c477  LCOUNT  : 0x00000000  


Backtrace: 0x400d820a:0x3ffb6a10 0x400d82ae:0x3ffb6ae0 0x40102d97:0x3ffb6b00 0x40086fa1:0x3ffb6b30




ELF file SHA256: b3e914c66

Rebooting...
ets Jul 29 2019 12:21:46

rst:0xc (SW_CPU_RESET),boot:0x1b (SPI_FAST_FLASH_BOOT)
configsip: 0, SPIWP:0xee
clk_drv:0x00,q_drv:0x00,d_drv:0x00,cs0_drv:0x00,hd_drv:0x00,wp_drv:0x00
mode:DIO, clock div:2
load:0x3fff0030,len:6328
load:0x40078000,len:15828
load:0x40080400,len:3860
entry 0x40080638
[0;32mI (27) boot: ESP-IDF v5.5-dev-1346-gcc9fb5bd5e 2nd stage bootloader[0m
[0;32mI (27) boot: compile time Jan 15 2025 23:47:32[0m
[0;32mI (27) boot: Multicore bootloader[0m
[0;32mI (30) boot: chip revision: v3.1[0m
[0;32mI (33) boot.esp32: SPI Speed      : 40MHz[0m
[0;32mI (37) boot.esp32: SPI Mode       : DIO[0m
[0;32mI (40) boot.esp32: SPI Flash Size : 2MB[0m
[0;32mI (44) boot: Enabling RNG early entropy source...[0m
[0;32mI (48) boot: Partition Table:[0m
[0;32mI (51) boot: ## Label            Usage          Type ST Offset   Length[0m
[0;32mI (57) boot:  0 nvs              WiFi data        01 02 00009000 00006000[0m
[0;32mI (64) boot:  1 phy_init         RF data          01 01 0000f000 00001000[0m
[0;32mI (70) boot:  2 factory          factory app      00 00 00010000 00100000[0m
[0;32mI (77) boot: End of partition table[0m
[0;32mI (80) esp_image: segment 0: paddr=00010020 vaddr=3f400020 size=12234h ( 74292) map[0m
[0;32mI (113) esp_image: segment 1: paddr=0002225c vaddr=3ff80000 size=0001ch (    28) load[0m
[0;32mI (113) esp_image: segment 2: paddr=00022280 vaddr=3ffb0000 size=03630h ( 13872) load[0m
[0;32mI (122) esp_image: segment 3: paddr=000258b8 vaddr=40080000 size=0a760h ( 42848) load[0m
[0;32mI (141) esp_image: segment 4: paddr=00030020 vaddr=400d0020 size=336b8h (210616) map[0m
[0;32mI (214) esp_image: segment 5: paddr=000636e0 vaddr=4008a760 size=037b0h ( 14256) load[0m
[0;32mI (226) boot: Loaded app from partition at offset 0x10000[0m
[0;32mI (227) boot: Disabling RNG early entropy source...[0m
[0;32mI (237) cpu_start: Multicore app[0m
[0;32mI (245) cpu_start: Pro cpu start user code[0m
[0;32mI (245) cpu_start: cpu freq: 160000000 Hz[0m
[0;32mI (245) app_init: Application information:[0m
[0;32mI (246) app_init: Project name:     main[0m
[0;32mI (249) app_init: App version:      b98c57f[0m
[0;32mI (253) app_init: Compile time:     Jan 15 2025 23:47:36[0m
[0;32mI (258) app_init: ELF file SHA256:  b3e914c66...[0m
[0;32mI (262) app_init: ESP-IDF:          v5.5-dev-1346-gcc9fb5bd5e[0m
[0;32mI (268) efuse_init: Min chip rev:     v0.0[0m
[0;32mI (272) efuse_init: Max chip rev:     v3.99 [0m
[0;32mI (276) efuse_init: Chip rev:         v3.1[0m
[0;32mI (280) heap_init: Initializing. RAM available for dynamic allocation:[0m
[0;32mI (286) heap_init: At 3FFAE6E0 len 00001920 (6 KiB): DRAM[0m
[0;32mI (291) heap_init: At 3FFB4808 len 0002B7F8 (173 KiB): DRAM[0m
[0;32mI (296) heap_init: At 3FFE0440 len 00003AE0 (14 KiB): D/IRAM[0m
[0;32mI (302) heap_init: At 3FFE4350 len 0001BCB0 (111 KiB): D/IRAM[0m
[0;32mI (307) heap_init: At 4008DF10 len 000120F0 (72 KiB): IRAM[0m
[0;32mI (314) spi_flash: detected chip: generic[0m
[0;32mI (316) spi_flash: flash io: dio[0m
[0;33mW (319) spi_flash: Detected size(4096k) larger than the size in the binary image header(2048k). Using the size in the binary image header.[0m
[0;32mI (332) main_task: Started on CPU0[0m
[0;32mI (342) main_task: Calling app_main()[0m
[0;32mI (342) gpio: GPIO[25]| InputEn: 1| OutputEn: 0| OpenDrain: 0| Pullup: 1| Pulldown: 0| Intr:2 [0m
[0;32mI (342) cam_hal: cam init ok[0m
[0;32mI (342) sccb-ng: pin_sda 26 pin_scl 27[0m
[0;32mI (342) sccb-ng: sccb_i2c_port=1[0m
[0;32mI (362) camera: Detected camera at address=0x3c[0m
[0;32mI (362) camera: Detected OV3660 camera[0m
[0;32mI (362) camera: Camera PID=0x3660 VER=0x00 MIDL=0x00 MIDH=0x00[0m
[0;32mI (672) cam_hal: buffer_size: 32768, half_buffer_size: 4096, node_buffer_size: 2048, node_cnt: 16, total_cnt: 23[0m
[0;32mI (672) cam_hal: Allocating 96000 Byte frame buffer in PSRAM[0m
[1;31mE (672) cam_hal: cam_dma_config(301): frame buffer malloc failed[0m
[1;31mE (682) cam_hal: cam_config(390): cam_dma_config failed[0m
[1;31mE (682) camera: Camera config failed with error 0xffffffff[0m
[1;31mE (692) camera: Camera init failed with error 0x-1[0m
[0;32mI (692) gpio: GPIO[13]| InputEn: 0| OutputEn: 1| OpenDrain: 0| Pullup: 0| Pulldown: 0| Intr:0 [0m
[1;31mE (752) sdmmc_sd: sdmmc_init_sd_ssr: sdmmc_send_cmd returned 0xffffffff[0m
[1;31mE (752) vfs_fat_sdmmc: sdmmc_card_init failed (0xffffffff).[0m
[0;32mI (752) gpio: GPIO[14]| InputEn: 0| OutputEn: 0| OpenDrain: 0| Pullup: 1| Pulldown: 0| Intr:0 [0m
[0;32mI (752) gpio: GPIO[15]| InputEn: 0| OutputEn: 0| OpenDrain: 0| Pullup: 1| Pulldown: 0| Intr:0 [0m
[0;32mI (762) gpio: GPIO[2]| InputEn: 0| OutputEn: 0| OpenDrain: 0| Pullup: 1| Pulldown: 0| Intr:0 [0m
[0;32mI (772) gpio: GPIO[4]| InputEn: 0| OutputEn: 0| OpenDrain: 0| Pullup: 1| Pulldown: 0| Intr:0 [0m
[0;32mI (782) gpio: GPIO[12]| InputEn: 0| OutputEn: 0| OpenDrain: 0| Pullup: 1| Pulldown: 0| Intr:0 [0m
[0;32mI (792) gpio: GPIO[13]| InputEn: 0| OutputEn: 0| OpenDrain: 0| Pullup: 1| Pulldown: 0| Intr:0 [0m
Guru Meditation Error: Core  0 panic'ed (LoadProhibited). Exception was unhandled.

Core  0 register dump:
PC      : 0x400d820d  PS      : 0x00060330  A0      : 0x800d82b1  A1      : 0x3ffb6a10  
A2      : 0x00000003  A3      : 0x3f402300  A4      : 0x3f402374  A5      : 0x3ffb6ae0  
A6      : 0x3ffb6a70  A7      : 0x00000000  A8      : 0x800d820a  A9      : 0x3ffb69f0  
A10     : 0x00000322  A11     : 0x3f403634  A12     : 0x3ffb6a70  A13     : 0x3ffb6aa8  
A14     : 0x3ffb6ab8  A15     : 0x00000001  SAR     : 0x00000013  EXCCAUSE: 0x0000001c  
EXCVADDR: 0x00000004  LBEG    : 0x4000c46c  LEND    : 0x4000c477  LCOUNT  : 0x00000000  


Backtrace: 0x400d820a:0x3ffb6a10 0x400d82ae:0x3ffb6ae0 0x40102d97:0x3ffb6b00 0x40086fa1:0x3ffb6b30




ELF file SHA256: b3e914c66

Rebooting...
ets Jul 29 2019 12:21:46

rst:0xc (SW_CPU_RESET),boot:0x1b (SPI_FAST_FLASH_BOOT)
configsip: 0, SPIWP:0xee
clk_drv:0x00,q_drv:0x00,d_drv:0x00,cs0_drv:0x00,hd_drv:0x00,wp_drv:0x00
mode:DIO, clock div:2
load:0x3fff0030,len:6328
load:0x40078000,len:15828
load:0x40080400,len:3860
entry 0x40080638
[0;32mI (27) boot: ESP-IDF v5.5-dev-1346-gcc9fb5bd5e 2nd stage bootloader[0m
[0;32mI (27) boot: compile time Jan 15 2025 23:47:32[0m
[0;32mI (27) boot: Multicore bootloader[0m
[0;32mI (30) boot: chip revision: v3.1[0m
[0;32mI (33) boot.esp32: SPI Speed      : 40MHz[0m
[0;32mI (37) boot.esp32: SPI Mode       : DIO[0m
[0;32mI (40) boot.esp32: SPI Flash Size : 2MB[0m
[0;32mI (44) boot: Enabling RNG early entropy source...[0m
[0;32mI (48) boot: Partition Table:[0m
[0;32mI (51) boot: ## Label            Usage          Type ST Offset   Length[0m
[0;32mI (57) boot:  0 nvs              WiFi data        01 02 00009000 00006000[0m
[0;32mI (64) boot:  1 phy_init         RF data          01 01 0000f000 00001000[0m
[0;32mI (70) boot:  2 factory          factory app      00 00 00010000 00100000[0m
[0;32mI (77) boot: End of partition table[0m
[0;32mI (80) esp_image: segment 0: paddr=00010020 vaddr=3f400020 size=12234h ( 74292) map[0m
[0;32mI (113) esp_image: segment 1: paddr=0002225c vaddr=3ff80000 size=0001ch (    28) load[0m
[0;32mI (113) esp_image: segment 2: paddr=00022280 vaddr=3ffb0000 size=03630h ( 13872) load[0m
[0;32mI (122) esp_image: segment 3: paddr=000258b8 vaddr=40080000 size=0a760h ( 42848) load[0m
[0;32mI (141) esp_image: segment 4: paddr=00030020 vaddr=400d0020 size=336b8h (210616) map[0m
[0;32mI (214) esp_image: segment 5: paddr=000636e0 vaddr=4008a760 size=037b0h ( 14256) load[0m
[0;32mI (226) boot: Loaded app from partition at offset 0x10000[0m
[0;32mI (227) boot: Disabling RNG early entropy source...[0m
[0;32mI (237) cpu_start: Multicore app[0m
[0;32mI (245) cpu_start: Pro cpu start user code[0m
[0;32mI (245) cpu_start: cpu freq: 160000000 Hz[0m
[0;32mI (245) app_init: Application information:[0m
[0;32mI (246) app_init: Project name:     main[0m
[0;32mI (249) app_init: App version:      b98c57f[0m
[0;32mI (253) app_init: Compile time:     Jan 15 2025 23:47:36[0m
[0;32mI (258) app_init: ELF file SHA256:  b3e914c66...[0m
[0;32mI (262) app_init: ESP-IDF:          v5.5-dev-1346-gcc9fb5bd5e[0m
[0;32mI (268) efuse_init: Min chip rev:     v0.0[0m
[0;32mI (272) efuse_init: Max chip rev:     v3.99 [0m
[0;32mI (276) efuse_init: Chip rev:         v3.1[0m
[0;32mI (280) heap_init: Initializing. RAM available for dynamic allocation:[0m
[0;32mI (286) heap_init: At 3FFAE6E0 len 00001920 (6 KiB): DRAM[0m
[0;32mI (291) heap_init: At 3FFB4808 len 0002B7F8 (173 KiB): DRAM[0m
[0;32mI (296) heap_init: At 3FFE0440 len 00003AE0 (14 KiB): D/IRAM[0m
[0;32mI (302) heap_init: At 3FFE4350 len 0001BCB0 (111 KiB): D/IRAM[0m
[0;32mI (307) heap_init: At 4008DF10 len 000120F0 (72 KiB): IRAM[0m
[0;32mI (314) spi_flash: detected chip: generic[0m
[0;32mI (316) spi_flash: flash io: dio[0m
[0;33mW (319) spi_flash: Detected size(4096k) larger than the size in the binary image header(2048k). Using the size in the binary image header.[0m
[0;32mI (332) main_task: Started on CPU0[0m
[0;32mI (342) main_task: Calling app_main()[0m
[0;32mI (342) gpio: GPIO[25]| InputEn: 1| OutputEn: 0| OpenDrain: 0| Pullup: 1| Pulldown: 0| Intr:2 [0m
[0;32mI (342) cam_hal: cam init ok[0m
[0;32mI (342) sccb-ng: pin_sda 26 pin_scl 27[0m
[0;32mI (342) sccb-ng: sccb_i2c_port=1[0m
[0;32mI (362) camera: Detected camera at address=0x3c[0m
[0;32mI (362) camera: Detected OV3660 camera[0m
[0;32mI (362) camera: Camera PID=0x3660 VER=0x00 MIDL=0x00 MIDH=0x00[0m
[0;32mI (672) cam_hal: buffer_size: 32768, half_buffer_size: 4096, node_buffer_size: 2048, node_cnt: 16, total_cnt: 23[0m
[0;32mI (672) cam_hal: Allocating 96000 Byte frame buffer in PSRAM[0m
[1;31mE (672) cam_hal: cam_dma_config(301): frame buffer malloc failed[0m
[1;31mE (682) cam_hal: cam_config(390): cam_dma_config failed[0m
[1;31mE (682) camera: Camera config failed with error 0xffffffff[0m
[1;31mE (692) camera: Camera init failed with error 0x-1[0m
[0;32mI (692) gpio: GPIO[13]| InputEn: 0| OutputEn: 1| OpenDrain: 0| Pullup: 0| Pulldown: 0| Intr:0 [0m
[1;31mE (752) sdmmc_sd: sdmmc_init_sd_ssr: sdmmc_send_cmd returned 0xffffffff[0m
[1;31mE (752) vfs_fat_sdmmc: sdmmc_card_init failed (0xffffffff).[0m
[0;32mI (752) gpio: GPIO[14]| InputEn: 0| OutputEn: 0| OpenDrain: 0| Pullup: 1| Pulldown: 0| Intr:0 [0m
[0;32mI (752) gpio: GPIO[15]| InputEn: 0| OutputEn: 0| OpenDrain: 0| Pullup: 1| Pulldown: 0| Intr:0 [0m
[0;32mI (762) gpio: GPIO[2]| InputEn: 0| OutputEn: 0| OpenDrain: 0| Pullup: 1| Pulldown: 0| Intr:0 [0m
[0;32mI (772) gpio: GPIO[4]| InputEn: 0| OutputEn: 0| OpenDrain: 0| Pullup: 1| Pulldown: 0| Intr:0 [0m
[0;32mI (782) gpio: GPIO[12]| InputEn: 0| OutputEn: 0| OpenDrain: 0| Pullup: 1| Pulldown: 0| Intr:0 [0m
[0;32mI (792) gpio: GPIO[13]| InputEn: 0| OutputEn: 0| OpenDrain: 0| Pullup: 1| Pulldown: 0| Intr:0 [0m
Guru Meditation Error: Core  0 panic'ed (LoadProhibited). Exception was unhandled.

Core  0 register dump:
PC      : 0x400d820d  PS      : 0x00060330  A0      : 0x800d82b1  A1      : 0x3ffb6a10  
A2      : 0x00000003  A3      : 0x3f402300  A4      : 0x3f402374  A5      : 0x3ffb6ae0  
A6      : 0x3ffb6a70  A7      : 0x00000000  A8      : 0x800d820a  A9      : 0x3ffb69f0  
A10     : 0x00000322  A11     : 0x3f403634  A12     : 0x3ffb6a70  A13     : 0x3ffb6aa8  
A14     : 0x3ffb6ab8  A15     : 0x00000001  SAR     : 0x00000013  EXCCAUSE: 0x0000001c  
EXCVADDR: 0x00000004  LBEG    : 0x4000c46c  LEND    : 0x4000c477  LCOUNT  : 0x00000000  


Backtrace: 0x400d820a:0x3ffb6a10 0x400d82ae:0x3ffb6ae0 0x40102d97:0x3ffb6b00 0x40086fa1:0x3ffb6b30




ELF file SHA256: b3e914c66

Rebooting...
ets Jul 29 2019 12:21:46

rst:0xc (SW_CPU_RESET),boot:0x1b (SPI_FAST_FLASH_BOOT)
configsip: 0, SPIWP:0xee
clk_drv:0x00,q_drv:0x00,d_drv:0x00,cs0_drv:0x00,hd_drv:0x00,wp_drv:0x00
mode:DIO, clock div:2
load:0x3fff0030,len:6328
load:0x40078000,len:15828
load:0x40080400,len:3860
entry 0x40080638
[0;32mI (27) boot: ESP-IDF v5.5-dev-1346-gcc9fb5bd5e 2nd stage bootloader[0m
[0;32mI (27) boot: compile time Jan 15 2025 23:47:32[0m
[0;32mI (27) boot: Multicore bootloader[0m
[0;32mI (30) boot: chip revision: v3.1[0m
[0;32mI (33) boot.esp32: SPI Speed      : 40MHz[0m
[0;32mI (37) boot.esp32: SPI Mode       : DIO[0m
[0;32mI (40) boot.esp32: SPI Flash Size : 2MB[0m
[0;32mI (44) boot: Enabling RNG early entropy source...[0m
[0;32mI (48) boot: Partition Table:[0m
[0;32mI (51) boot: ## Label            Usage          Type ST Offset   Length[0m
[0;32mI (57) boot:  0 nvs              WiFi data        01 02 00009000 00006000[0m
[0;32mI (64) boot:  1 phy_init         RF data          01 01 0000f000 00001000[0m
[0;32mI (70) boot:  2 factory          factory app      00 00 00010000 00100000[0m
[0;32mI (77) boot: End of partition table[0m
[0;32mI (80) esp_image: segment 0: paddr=00010020 vaddr=3f400020 size=12234h ( 74292) map[0m
[0;32mI (113) esp_image: segment 1: paddr=0002225c vaddr=3ff80000 size=0001ch (    28) load[0m
[0;32mI (113) esp_image: segment 2: paddr=00022280 vaddr=3ffb0000 size=03630h ( 13872) load[0m
[0;32mI (122) esp_image: segment 3: paddr=000258b8 vaddr=40080000 size=0a760h ( 42848) load[0m
[0;32mI (141) esp_image: segment 4: paddr=00030020 vaddr=400d0020 size=336b8h (210616) map[0m
[0;32mI (214) esp_image: segment 5: paddr=000636e0 vaddr=4008a760 size=037b0h ( 14256) load[0m
[0;32mI (226) boot: Loaded app from partition at offset 0x10000[0m
[0;32mI (227) boot: Disabling RNG early entropy source...[0m
[0;32mI (237) cpu_start: Multicore app[0m
[0;32mI (245) cpu_start: Pro cpu start user code[0m
[0;32mI (245) cpu_start: cpu freq: 160000000 Hz[0m
[0;32mI (245) app_init: Application information:[0m
[0;32mI (246) app_init: Project name:     main[0m
[0;32mI (249) app_init: App version:      b98c57f[0m
[0;32mI (253) app_init: Compile time:     Jan 15 2025 23:47:36[0m
[0;32mI (258) app_init: ELF file SHA256:  b3e914c66...[0m
[0;32mI (262) app_init: ESP-IDF:          v5.5-dev-1346-gcc9fb5bd5e[0m
[0;32mI (268) efuse_init: Min chip rev:     v0.0[0m
[0;32mI (272) efuse_init: Max chip rev:     v3.99 [0m
[0;32mI (276) efuse_init: Chip rev:         v3.1[0m
[0;32mI (280) heap_init: Initializing. RAM available for dynamic allocation:[0m
[0;32mI (286) heap_init: At 3FFAE6E0 len 00001920 (6 KiB): DRAM[0m
[0;32mI (291) heap_init: At 3FFB4808 len 0002B7F8 (173 KiB): DRAM[0m
[0;32mI (296) heap_init: At 3FFE0440 len 00003AE0 (14 KiB): D/IRAM[0m
[0;32mI (302) heap_init: At 3FFE4350 len 0001BCB0 (111 KiB): D/IRAM[0m
[0;32mI (307) heap_init: At 4008DF10 len 000120F0 (72 KiB): IRAM[0m
[0;32mI (314) spi_flash: detected chip: generic[0m
[0;32mI (316) spi_flash: flash io: dio[0m
[0;33mW (319) spi_flash: Detected size(4096k) larger than the size in the binary image header(2048k). Using the size in the binary image header.[0m
[0;32mI (332) main_task: Started on CPU0[0m
[0;32mI (342) main_task: Calling app_main()[0m
[0;32mI (342) gpio: GPIO[25]| InputEn: 1| OutputEn: 0| OpenDrain: 0| Pullup: 1| Pulldown: 0| Intr:2 [0m
[0;32mI (342) cam_hal: cam init ok[0m
[0;32mI (342) sccb-ng: pin_sda 26 pin_scl 27[0m
[0;32mI (342) sccb-ng: sccb_i2c_port=1[0m
[0;32mI (362) camera: Detected camera at address=0x3c[0m
[0;32mI (362) camera: Detected OV3660 camera[0m
[0;32mI (362) camera: Camera PID=0x3660 VER=0x00 MIDL=0x00 MIDH=0x00[0m
[0;32mI (672) cam_hal: buffer_size: 32768, half_buffer_size: 4096, node_buffer_size: 2048, node_cnt: 16, total_cnt: 23[0m
[0;32mI (672) cam_hal: Allocating 96000 Byte frame buffer in PSRAM[0m
[1;31mE (672) cam_hal: cam_dma_config(301): frame buffer malloc failed[0m
[1;31mE (682) cam_hal: cam_config(390): cam_dma_config failed[0m
[1;31mE (682) camera: Camera config failed with error 0xffffffff[0m
[1;31mE (692) camera: Camera init failed with error 0x-1[0m
[0;32mI (692) gpio: GPIO[13]| InputEn: 0| OutputEn: 1| OpenDrain: 0| Pullup: 0| Pulldown: 0| Intr:0 [0m
[1;31mE (752) sdmmc_sd: sdmmc_init_sd_ssr: sdmmc_send_cmd returned 0xffffffff[0m
[1;31mE (752) vfs_fat_sdmmc: sdmmc_card_init failed (0xffffffff).[0m
[0;32mI (752) gpio: GPIO[14]| InputEn: 0| OutputEn: 0| OpenDrain: 0| Pullup: 1| Pulldown: 0| Intr:0 [0m
[0;32mI (752) gpio: GPIO[15]| InputEn: 0| OutputEn: 0| OpenDrain: 0| Pullup: 1| Pulldown: 0| Intr:0 [0m
[0;32mI (762) gpio: GPIO[2]| InputEn: 0| OutputEn: 0| OpenDrain: 0| Pullup: 1| Pulldown: 0| Intr:0 [0m
[0;32mI (772) gpio: GPIO[4]| InputEn: 0| OutputEn: 0| OpenDrain: 0| Pullup: 1| Pulldown: 0| Intr:0 [0m
[0;32mI (782) gpio: GPIO[12]| InputEn: 0| OutputEn: 0| OpenDrain: 0| Pullup: 1| Pulldown: 0| Intr:0 [0m
[0;32mI (792) gpio: GPIO[13]| InputEn: 0| OutputEn: 0| OpenDrain: 0| Pullup: 1| Pulldown: 0| Intr:0 [0m
Guru Meditation Error: Core  0 panic'ed (LoadProhibited). Exception was unhandled.

Core  0 register dump:
PC      : 0x400d820d  PS      : 0x00060330  A0      : 0x800d82b1  A1      : 0x3ffb6a10  
A2      : 0x00000003  A3      : 0x3f402300  A4      : 0x3f402374  A5      : 0x3ffb6ae0  
A6      : 0x3ffb6a70  A7      : 0x00000000  A8      : 0x800d820a  A9      : 0x3ffb69f0  
A10     : 0x00000322  A11     : 0x3f403634  A12     : 0x3ffb6a70  A13     : 0x3ffb6aa8  
A14     : 0x3ffb6ab8  A15     : 0x00000001  SAR     : 0x00000013  EXCCAUSE: 0x0000001c  
EXCVADDR: 0x00000004  LBEG    : 0x4000c46c  LEND    : 0x4000c477  LCOUNT  : 0x00000000  


Backtrace: 0x400d820a:0x3ffb6a10 0x400d82ae:0x3ffb6ae0 0x40102d97:0x3ffb6b00 0x40086fa1:0x3ffb6b30




ELF file SHA256: b3e914c66

Rebooting...
ets Jul 29 2019 12:21:46

rst:0xc (SW_CPU_RESET),boot:0x1b (SPI_FAST_FLASH_BOOT)
configsip: 0, SPIWP:0xee
clk_drv:0x00,q_drv:0x00,d_drv:0x00,cs0_drv:0x00,hd_drv:0x00,wp_drv:0x00
mode:DIO, clock div:2
load:0x3fff0030,len:6328
load:0x40078000,len:15828
load:0x40080400,len:3860
entry 0x40080638
[0;32mI (27) boot: ESP-IDF v5.5-dev-1346-gcc9fb5bd5e 2nd stage bootloader[0m
[0;32mI (27) boot: compile time Jan 15 2025 23:47:32[0m
[0;32mI (27) boot: Multicore bootloader[0m
[0;32mI (30) boot: chip revision: v3.1[0m
[0;32mI (33) boot.esp32: SPI Speed      : 40MHz[0m
[0;32mI (37) boot.esp32: SPI Mode       : DIO[0m
[0;32mI (40) boot.esp32: SPI Flash Size : 2MB[0m
[0;32mI (44) boot: Enabling RNG early entropy source...[0m
[0;32mI (48) boot: Partition Table:[0m
[0;32mI (51) boot: ## Label            Usage          Type ST Offset   Length[0m
[0;32mI (57) boot:  0 nvs              WiFi data        01 02 00009000 00006000[0m
[0;32mI (64) boot:  1 phy_init         RF data          01 01 0000f000 00001000[0m
[0;32mI (70) boot:  2 factory          factory app      00 00 00010000 00100000[0m
[0;32mI (77) boot: End of partition table[0m
[0;32mI (80) esp_image: segment 0: paddr=00010020 vaddr=3f400020 size=12234h ( 74292) map[0m
[0;32mI (113) esp_image: segment 1: paddr=0002225c vaddr=3ff80000 size=0001ch (    28) load[0m
[0;32mI (113) esp_image: segment 2: paddr=00022280 vaddr=3ffb0000 size=03630h ( 13872) load[0m
[0;32mI (122) esp_image: segment 3: paddr=000258b8 vaddr=40080000 size=0a760h ( 42848) load[0m
[0;32mI (141) esp_image: segment 4: paddr=00030020 vaddr=400d0020 size=336b8h (210616) map[0m
[0;32mI (214) esp_image: segment 5: paddr=000636e0 vaddr=4008a760 size=037b0h ( 14256) load[0m
[0;32mI (226) boot: Loaded app from partition at offset 0x10000[0m
[0;32mI (227) boot: Disabling RNG early entropy source...[0m
[0;32mI (237) cpu_start: Multicore app[0m
[0;32mI (245) cpu_start: Pro cpu start user code[0m
[0;32mI (245) cpu_start: cpu freq: 160000000 Hz[0m
[0;32mI (245) app_init: Application information:[0m
[0;32mI (246) app_init: Project name:     main[0m
[0;32mI (249) app_init: App version:      b98c57f[0m
[0;32mI (253) app_init: Compile time:     Jan 15 2025 23:47:36[0m
[0;32mI (258) app_init: ELF file SHA256:  b3e914c66...[0m
[0;32mI (262) app_init: ESP-IDF:          v5.5-dev-1346-gcc9fb5bd5e[0m
[0;32mI (268) efuse_init: Min chip rev:     v0.0[0m
[0;32mI (272) efuse_init: Max chip rev:     v3.99 [0m
[0;32mI (276) efuse_init: Chip rev:         v3.1[0m
[0;32mI (280) heap_init: Initializing. RAM available for dynamic allocation:[0m
[0;32mI (286) heap_init: At 3FFAE6E0 len 00001920 (6 KiB): DRAM[0m
[0;32mI (291) heap_init: At 3FFB4808 len 0002B7F8 (173 KiB): DRAM[0m
[0;32mI (296) heap_init: At 3FFE0440 len 00003AE0 (14 KiB): D/IRAM[0m
[0;32mI (302) heap_init: At 3FFE4350 len 0001BCB0 (111 KiB): D/IRAM[0m
[0;32mI (307) heap_init: At 4008DF10 len 000120F0 (72 KiB): IRAM[0m
[0;32mI (314) spi_flash: detected chip: generic[0m
[0;32mI (316) spi_flash: flash io: dio[0m
[0;33mW (319) spi_flash: Detected size(4096k) larger than the size in the binary image header(2048k). Using the size in the binary image header.[0m
[0;32mI (332) main_task: Started on CPU0[0m
[0;32mI (342) main_task: Calling app_main()[0m
[0;32mI (342) gpio: GPIO[25]| InputEn: 1| OutputEn: 0| OpenDrain: 0| Pullup: 1| Pulldown: 0| Intr:2 [0m
[0;32mI (342) cam_hal: cam init ok[0m
[0;32mI (342) sccb-ng: pin_sda 26 pin_scl 27[0m
[0;32mI (342) sccb-ng: sccb_i2c_port=1[0m
[0;32mI (362) camera: Detected camera at address=0x3c[0m
[0;32mI (362) camera: Detected OV3660 camera[0m
[0;32mI (362) camera: Camera PID=0x3660 VER=0x00 MIDL=0x00 MIDH=0x00[0m
[0;32mI (672) cam_hal: buffer_size: 32768, half_buffer_size: 4096, node_buffer_size: 2048, node_cnt: 16, total_cnt: 23[0m
[0;32mI (672) cam_hal: Allocating 96000 Byte frame buffer in PSRAM[0m
[1;31mE (672) cam_hal: cam_dma_config(301): frame buffer malloc failed[0m
[1;31mE (682) cam_hal: cam_config(390): cam_dma_config failed[0m
[1;31mE (682) camera: Camera config failed with error 0xffffffff[0m
[1;31mE (692) camera: Camera init failed with error 0x-1[0m
[0;32mI (692) gpio: GPIO[13]| InputEn: 0| OutputEn: 1| OpenDrain: 0| Pullup: 0| Pulldown: 0| Intr:0 [0m
[1;31mE (752) sdmmc_sd: sdmmc_init_sd_ssr: sdmmc_send_cmd returned 0xffffffff[0m
[1;31mE (752) vfs_fat_sdmmc: sdmmc_card_init failed (0xffffffff).[0m
[0;32mI (752) gpio: GPIO[14]| InputEn: 0| OutputEn: 0| OpenDrain: 0| Pullup: 1| Pulldown: 0| Intr:0 [0m
[0;32mI (752) gpio: GPIO[15]| InputEn: 0| OutputEn: 0| OpenDrain: 0| Pullup: 1| Pulldown: 0| Intr:0 [0m
[0;32mI (762) gpio: GPIO[2]| InputEn: 0| OutputEn: 0| OpenDrain: 0| Pullup: 1| Pulldown: 0| Intr:0 [0m
[0;32mI (772) gpio: GPIO[4]| InputEn: 0| OutputEn: 0| OpenDrain: 0| Pullup: 1| Pulldown: 0| Intr:0 [0m
[0;32mI (782) gpio: GPIO[12]| InputEn: 0| OutputEn: 0| OpenDrain: 0| Pullup: 1| Pulldown: 0| Intr:0 [0m
[0;32mI (792) gpio: GPIO[13]| InputEn: 0| OutputEn: 0| OpenDrain: 0| Pullup: 1| Pulldown: 0| Intr:0 [0m
Guru Meditation Error: Core  0 panic'ed (LoadProhibited). Exception was unhandled.

Core  0 register dump:
PC      : 0x400d820d  PS      : 0x00060330  A0      : 0x800d82b1  A1      : 0x3ffb6a10  
A2      : 0x00000003  A3      : 0x3f402300  A4      : 0x3f402374  A5      : 0x3ffb6ae0  
A6      : 0x3ffb6a70  A7      : 0x00000000  A8      : 0x800d820a  A9      : 0x3ffb69f0  
A10     : 0x00000322  A11     : 0x3f403634  A12     : 0x3ffb6a70  A13     : 0x3ffb6aa8  
A14     : 0x3ffb6ab8  A15     : 0x00000001  SAR     : 0x00000013  EXCCAUSE: 0x0000001c  
EXCVADDR: 0x00000004  LBEG    : 0x4000c46c  LEND    : 0x4000c477  LCOUNT  : 0x00000000  


Backtrace: 0x400d820a:0x3ffb6a10 0x400d82ae:0x3ffb6ae0 0x40102d97:0x3ffb6b00 0x40086fa1:0x3ffb6b30




ELF file SHA256: b3e914c66

Rebooting...
ets Jul 29 2019 12:21:46

rst:0xc (SW_CPU_RESET),boot:0x1b (SPI_FAST_FLASH_BOOT)
configsip: 0, SPIWP:0xee
clk_drv:0x00,q_drv:0x00,d_drv:0x00,cs0_drv:0x00,hd_drv:0x00,wp_drv:0x00
mode:DIO, clock div:2
load:0x3fff0030,len:6328
load:0x40078000,len:15828
load:0x40080400,len:3860
entry 0x40080638
[0;32mI (27) boot: ESP-IDF v5.5-dev-1346-gcc9fb5bd5e 2nd stage bootloader[0m
[0;32mI (27) boot: compile time Jan 15 2025 23:47:32[0m
[0;32mI (27) boot: Multicore bootloader[0m
[0;32mI (30) boot: chip revision: v3.1[0m
[0;32mI (33) boot.esp32: SPI Speed      : 40MHz[0m
[0;32mI (37) boot.esp32: SPI Mode       : DIO[0m
[0;32mI (40) boot.esp32: SPI Flash Size : 2MB[0m
[0;32mI (44) boot: Enabling RNG early entropy source...[0m
[0;32mI (48) boot: Partition Table:[0m
[0;32mI (51) boot: ## Label            Usage          Type ST Offset   Length[0m
[0;32mI (57) boot:  0 nvs              WiFi data        01 02 00009000 00006000[0m
[0;32mI (64) boot:  1 phy_init         RF data          01 01 0000f000 00001000[0m
[0;32mI (70) boot:  2 factory          factory app      00 00 00010000 00100000[0m
[0;32mI (77) boot: End of partition table[0m
[0;32mI (80) esp_image: segment 0: paddr=00010020 vaddr=3f400020 size=12234h ( 74292) map[0m
[0;32mI (113) esp_image: segment 1: paddr=0002225c vaddr=3ff80000 size=0001ch (    28) load[0m
[0;32mI (113) esp_image: segment 2: paddr=00022280 vaddr=3ffb0000 size=03630h ( 13872) load[0m
[0;32mI (122) esp_image: segment 3: paddr=000258b8 vaddr=40080000 size=0a760h ( 42848) load[0m
[0;32mI (141) esp_image: segment 4: paddr=00030020 vaddr=400d0020 size=336b8h (210616) map[0m
[0;32mI (214) esp_image: segment 5: paddr=000636e0 vaddr=4008a760 size=037b0h ( 14256) load[0m
[0;32mI (226) boot: Loaded app from partition at offset 0x10000[0m
[0;32mI (227) boot: Disabling RNG early entropy source...[0m
[0;32mI (237) cpu_start: Multicore app[0m
[0;32mI (245) cpu_start: Pro cpu start user code[0m
[0;32mI (245) cpu_start: cpu freq: 160000000 Hz[0m
[0;32mI (245) app_init: Application information:[0m
[0;32mI (246) app_init: Project name:     main[0m
[0;32mI (249) app_init: App version:      b98c57f[0m
[0;32mI (253) app_init: Compile time:     Jan 15 2025 23:47:36[0m
[0;32mI (258) app_init: ELF file SHA256:  b3e914c66...[0m
[0;32mI (262) app_init: ESP-IDF:          v5.5-dev-1346-gcc9fb5bd5e[0m
[0;32mI (268) efuse_init: Min chip rev:     v0.0[0m
[0;32mI (272) efuse_init: Max chip rev:     v3.99 [0m
[0;32mI (276) efuse_init: Chip rev:         v3.1[0m
[0;32mI (280) heap_init: Initializing. RAM available for dynamic allocation:[0m
[0;32mI (286) heap_init: At 3FFAE6E0 len 00001920 (6 KiB): DRAM[0m
[0;32mI (291) heap_init: At 3FFB4808 len 0002B7F8 (173 KiB): DRAM[0m
[0;32mI (296) heap_init: At 3FFE0440 len 00003AE0 (14 KiB): D/IRAM[0m
[0;32mI (302) heap_init: At 3FFE4350 len 0001BCB0 (111 KiB): D/IRAM[0m
[0;32mI (307) heap_init: At 4008DF10 len 000120F0 (72 KiB): IRAM[0m
[0;32mI (314) spi_flash: detected chip: generic[0m
[0;32mI (316) spi_flash: flash io: dio[0m
[0;33mW (319) spi_flash: Detected size(4096k) larger than the size in the binary image header(2048k). Using the size in the binary image header.[0m
[0;32mI (332) main_task: Started on CPU0[0m
[0;32mI (342) main_task: Calling app_main()[0m
[0;32mI (342) gpio: GPIO[25]| InputEn: 1| OutputEn: 0| OpenDrain: 0| Pullup: 1| Pulldown: 0| Intr:2 [0m
[0;32mI (342) cam_hal: cam init ok[0m
[0;32mI (342) sccb-ng: pin_sda 26 pin_scl 27[0m
[0;32mI (342) sccb-ng: sccb_i2c_port=1[0m
[0;32mI (362) camera: Detected camera at address=0x3c[0m
[0;32mI (362) camera: Detected OV3660 camera[0m
[0;32mI (362) camera: Camera PID=0x3660 VER=0x00 MIDL=0x00 MIDH=0x00[0m
[0;32mI (672) cam_hal: buffer_size: 32768, half_buffer_size: 4096, node_buffer_size: 2048, node_cnt: 16, total_cnt: 23[0m
[0;32mI (672) cam_hal: Allocating 96000 Byte frame buffer in PSRAM[0m
[1;31mE (672) cam_hal: cam_dma_config(301): frame buffer malloc failed[0m
[1;31mE (682) cam_hal: cam_config(390): cam_dma_config failed[0m
[1;31mE (682) camera: Camera config failed with error 0xffffffff[0m
[1;31mE (692) camera: Camera init failed with error 0x-1[0m
[0;32mI (692) gpio: GPIO[13]| InputEn: 0| OutputEn: 1| OpenDrain: 0| Pullup: 0| Pulldown: 0| Intr:0 [0m
[1;31mE (752) sdmmc_sd: sdmmc_init_sd_ssr: sdmmc_send_cmd returned 0xffffffff[0m
[1;31mE (752) vfs_fat_sdmmc: sdmmc_card_init failed (0xffffffff).[0m
[0;32mI (752) gpio: GPIO[14]| InputEn: 0| OutputEn: 0| OpenDrain: 0| Pullup: 1| Pulldown: 0| Intr:0 [0m
[0;32mI (752) gpio: GPIO[15]| InputEn: 0| OutputEn: 0| OpenDrain: 0| Pullup: 1| Pulldown: 0| Intr:0 [0m
[0;32mI (762) gpio: GPIO[2]| InputEn: 0| OutputEn: 0| OpenDrain: 0| Pullup: 1| Pulldown: 0| Intr:0 [0m
[0;32mI (772) gpio: GPIO[4]| InputEn: 0| OutputEn: 0| OpenDrain: 0| Pullup: 1| Pulldown: 0| Intr:0 [0m
[0;32mI (782) gpio: GPIO[12]| InputEn: 0| OutputEn: 0| OpenDrain: 0| Pullup: 1| Pulldown: 0| Intr:0 [0m
[0;32mI (792) gpio: GPIO[13]| InputEn: 0| OutputEn: 0| OpenDrain: 0| Pullup: 1| Pulldown: 0| Intr:0 [0m
Guru Meditation Error: Core  0 panic'ed (LoadProhibited). Exception was unhandled.

Core  0 register dump:
PC      : 0x400d820d  PS      : 0x00060330  A0      : 0x800d82b1  A1      : 0x3ffb6a10  
A2      : 0x00000003  A3      : 0x3f402300  A4      : 0x3f402374  A5      : 0x3ffb6ae0  
A6      : 0x3ffb6a70  A7      : 0x00000000  A8      : 0x800d820a  A9      : 0x3ffb69f0  
A10     : 0x00000322  A11     : 0x3f403634  A12     : 0x3ffb6a70  A13     : 0x3ffb6aa8  
A14     : 0x3ffb6ab8  A15     : 0x00000001  SAR     : 0x00000013  EXCCAUSE: 0x0000001c  
EXCVADDR: 0x00000004  LBEG    : 0x4000c46c  LEND    : 0x4000c477  LCOUNT  : 0x00000000  


Backtrace: 0x400d820a:0x3ffb6a10 0x400d82ae:0x3ffb6ae0 0x40102d97:0x3ffb6b00 0x40086fa1:0x3ffb6b30




ELF file SHA256: b3e914c66

Rebooting...
ets Jul 29 2019 12:21:46

rst:0xc (SW_CPU_RESET),boot:0x1b (SPI_FAST_FLASH_BOOT)
configsip: 0, SPIWP:0xee
clk_drv:0x00,q_drv:0x00,d_drv:0x00,cs0_drv:0x00,hd_drv:0x00,wp_drv:0x00
mode:DIO, clock div:2
load:0x3fff0030,len:6328
load:0x40078000,len:15828
load:0x40080400,len:3860
entry 0x40080638
[0;32mI (27) boot: ESP-IDF v5.5-dev-1346-gcc9fb5bd5e 2nd stage bootloader[0m
[0;32mI (27) boot: compile time Jan 15 2025 23:47:32[0m
[0;32mI (27) boot: Multicore bootloader[0m
[0;32mI (30) boot: chip revision: v3.1[0m
[0;32mI (33) boot.esp32: SPI Speed      : 40MHz[0m
[0;32mI (37) boot.esp32: SPI Mode       : DIO[0m
[0;32mI (40) boot.esp32: SPI Flash Size : 2MB[0m
[0;32mI (44) boot: Enabling RNG early entropy source...[0m
[0;32mI (48) boot: Partition Table:[0m
[0;32mI (51) boot: ## Label            Usage          Type ST Offset   Length[0m
[0;32mI (57) boot:  0 nvs              WiFi data        01 02 00009000 00006000[0m
[0;32mI (64) boot:  1 phy_init         RF data          01 01 0000f000 00001000[0m
[0;32mI (70) boot:  2 factory          factory app      00 00 00010000 00100000[0m
[0;32mI (77) boot: End of partition table[0m
[0;32mI (80) esp_image: segment 0: paddr=00010020 vaddr=3f400020 size=12234h ( 74292) map[0m
[0;32mI (113) esp_image: segment 1: paddr=0002225c vaddr=3ff80000 size=0001ch (    28) load[0m
[0;32mI (113) esp_image: segment 2: paddr=00022280 vaddr=3ffb0000 size=03630h ( 13872) load[0m
[0;32mI (122) esp_image: segment 3: paddr=000258b8 vaddr=40080000 size=0a760h ( 42848) load[0m
[0;32mI (141) esp_image: segment 4: paddr=00030020 vaddr=400d0020 size=336b8h (210616) map[0m
[0;32mI (214) esp_image: segment 5: paddr=000636e0 vaddr=4008a760 size=037b0h ( 14256) load[0m
[0;32mI (226) boot: Loaded app from partition at offset 0x10000[0m
[0;32mI (227) boot: Disabling RNG early entropy source...[0m
[0;32mI (237) cpu_start: Multicore app[0m
[0;32mI (245) cpu_start: Pro cpu start user code[0m
[0;32mI (245) cpu_start: cpu freq: 160000000 Hz[0m
[0;32mI (245) app_init: Application information:[0m
[0;32mI (246) app_init: Project name:     main[0m
[0;32mI (249) app_init: App version:      b98c57f[0m
[0;32mI (253) app_init: Compile time:     Jan 15 2025 23:47:36[0m
[0;32mI (258) app_init: ELF file SHA256:  b3e914c66...[0m
[0;32mI (262) app_init: ESP-IDF:          v5.5-dev-1346-gcc9fb5bd5e[0m
[0;32mI (268) efuse_init: Min chip rev:     v0.0[0m
[0;32mI (272) efuse_init: Max chip rev:     v3.99 [0m
[0;32mI (276) efuse_init: Chip rev:         v3.1[0m
[0;32mI (280) heap_init: Initializing. RAM available for dynamic allocation:[0m
[0;32mI (286) heap_init: At 3FFAE6E0 len 00001920 (6 KiB): DRAM[0m
[0;32mI (291) heap_init: At 3FFB4808 len 0002B7F8 (173 KiB): DRAM[0m
[0;32mI (296) heap_init: At 3FFE0440 len 00003AE0 (14 KiB): D/IRAM[0m
[0;32mI (302) heap_init: At 3FFE4350 len 0001BCB0 (111 KiB): D/IRAM[0m
[0;32mI (307) heap_init: At 4008DF10 len 000120F0 (72 KiB): IRAM[0m
[0;32mI (314) spi_flash: detected chip: generic[0m
[0;32mI (316) spi_flash: flash io: dio[0m
[0;33mW (319) spi_flash: Detected size(4096k) larger than the size in the binary image header(2048k). Using the size in the binary image header.[0m
[0;32mI (332) main_task: Started on CPU0[0m
[0;32mI (342) main_task: Calling app_main()[0m
[0;32mI (342) gpio: GPIO[25]| InputEn: 1| OutputEn: 0| OpenDrain: 0| Pullup: 1| Pulldown: 0| Intr:2 [0m
[0;32mI (342) cam_hal: cam init ok[0m
[0;32mI (342) sccb-ng: pin_sda 26 pin_scl 27[0m
[0;32mI (342) sccb-ng: sccb_i2c_port=1[0m
[0;32mI (362) camera: Detected camera at address=0x3c[0m
[0;32mI (362) camera: Detected OV3660 camera[0m
[0;32mI (362) camera: Camera PID=0x3660 VER=0x00 MIDL=0x00 MIDH=0x00[0m
[0;32mI (672) cam_hal: buffer_size: 32768, half_buffer_size: 4096, node_buffer_size: 2048, node_cnt: 16, total_cnt: 23[0m
[0;32mI (672) cam_hal: Allocating 96000 Byte frame buffer in PSRAM[0m
[1;31mE (672) cam_hal: cam_dma_config(301): frame buffer malloc failed[0m
[1;31mE (682) cam_hal: cam_config(390): cam_dma_config failed[0m
[1;31mE (682) camera: Camera config failed with error 0xffffffff[0m
[1;31mE (692) camera: Camera init failed with error 0x-1[0m
[0;32mI (692) gpio: GPIO[13]| InputEn: 0| OutputEn: 1| OpenDrain: 0| Pullup: 0| Pulldown: 0| Intr:0 [0m
[1;31mE (752) sdmmc_sd: sdmmc_init_sd_ssr: sdmmc_send_cmd returned 0xffffffff[0m
[1;31mE (752) vfs_fat_sdmmc: sdmmc_card_init failed (0xffffffff).[0m
[0;32mI (752) gpio: GPIO[14]| InputEn: 0| OutputEn: 0| OpenDrain: 0| Pullup: 1| Pulldown: 0| Intr:0 [0m
[0;32mI (752) gpio: GPIO[15]| InputEn: 0| OutputEn: 0| OpenDrain: 0| Pullup: 1| Pulldown: 0| Intr:0 [0m
[0;32mI (762) gpio: GPIO[2]| InputEn: 0| OutputEn: 0| OpenDrain: 0| Pullup: 1| Pulldown: 0| Intr:0 [0m
[0;32mI (772) gpio: GPIO[4]| InputEn: 0| OutputEn: 0| OpenDrain: 0| Pullup: 1| Pulldown: 0| Intr:0 [0m
[0;32mI (782) gpio: GPIO[12]| InputEn: 0| OutputEn: 0| OpenDrain: 0| Pullup: 1| Pulldown: 0| Intr:0 [0m
[0;32mI (792) gpio: GPIO[13]| InputEn: 0| OutputEn: 0| OpenDrain: 0| Pullup: 1| Pulldown: 0| Intr:0 [0m
Guru Meditation Error: Core  0 panic'ed (LoadProhibited). Exception was unhandled.

Core  0 register dump:
PC      : 0x400d820d  PS      : 0x00060330  A0      : 0x800d82b1  A1      : 0x3ffb6a10  
A2      : 0x00000003  A3      : 0x3f402300  A4      : 0x3f402374  A5      : 0x3ffb6ae0  
A6      : 0x3ffb6a70  A7      : 0x00000000  A8      : 0x800d820a  A9      : 0x3ffb69f0  
A10     : 0x00000322  A11     : 0x3f403634  A12     : 0x3ffb6a70  A13     : 0x3ffb6aa8  
A14     : 0x3ffb6ab8  A15     : 0x00000001  SAR     : 0x00000013  EXCCAUSE: 0x0000001c  
EXCVADDR: 0x00000004  LBEG    : 0x4000c46c  LEND    : 0x4000c477  LCOUNT  : 0x00000000  


Backtrace: 0x400d820a:0x3ffb6a10 0x400d82ae:0x3ffb6ae0 0x40102d97:0x3ffb6b00 0x40086fa1:0x3ffb6b30




ELF file SHA256: b3e914c66

Rebooting...
ets Jul 29 2019 12:21:46

rst:0xc (SW_CPU_RESET),boot:0x1b (SPI_FAST_FLASH_BOOT)
configsip: 0, SPIWP:0xee
clk_drv:0x00,q_drv:0x00,d_drv:0x00,cs0_drv:0x00,hd_drv:0x00,wp_drv:0x00
mode:DIO, clock div:2
load:0x3fff0030,len:6328
load:0x40078000,len:15828
load:0x40080400,len:3860
entry 0x40080638
[0;32mI (27) boot: ESP-IDF v5.5-dev-1346-gcc9fb5bd5e 2nd stage bootloader[0m
[0;32mI (27) boot: compile time Jan 15 2025 23:47:32[0m
[0;32mI (27) boot: Multicore bootloader[0m
[0;32mI (30) boot: chip revision: v3.1[0m
[0;32mI (33) boot.esp32: SPI Speed      : 40MHz[0m
[0;32mI (37) boot.esp32: SPI Mode       : DIO[0m
[0;32mI (40) boot.esp32: SPI Flash Size : 2MB[0m
[0;32mI (44) boot: Enabling RNG early entropy source...[0m
[0;32mI (48) boot: Partition Table:[0m
[0;32mI (51) boot: ## Label            Usage          Type ST Offset   Length[0m
[0;32mI (57) boot:  0 nvs              WiFi data        01 02 00009000 00006000[0m
[0;32mI (64) boot:  1 phy_init         RF data          01 01 0000f000 00001000[0m
[0;32mI (70) boot:  2 factory          factory app      00 00 00010000 00100000[0m
[0;32mI (77) boot: End of partition table[0m
[0;32mI (80) esp_image: segment 0: paddr=00010020 vaddr=3f400020 size=12234h ( 74292) map[0m
[0;32mI (113) esp_image: segment 1: paddr=0002225c vaddr=3ff80000 size=0001ch (    28) load[0m
[0;32mI (113) esp_image: segment 2: paddr=00022280 vaddr=3ffb0000 size=03630h ( 13872) load[0m
[0;32mI (122) esp_image: segment 3: paddr=000258b8 vaddr=40080000 size=0a760h ( 42848) load[0m
[0;32mI (141) esp_image: segment 4: paddr=00030020 vaddr=400d0020 size=336b8h (210616) map[0m
[0;32mI (214) esp_image: segment 5: paddr=000636e0 vaddr=4008a760 size=037b0h ( 14256) load[0m
[0;32mI (226) boot: Loaded app from partition at offset 0x10000[0m
[0;32mI (227) boot: Disabling RNG early entropy source...[0m
[0;32mI (237) cpu_start: Multicore app[0m
[0;32mI (245) cpu_start: Pro cpu start user code[0m
[0;32mI (245) cpu_start: cpu freq: 160000000 Hz[0m
[0;32mI (245) app_init: Application information:[0m
[0;32mI (246) app_init: Project name:     main[0m
[0;32mI (249) app_init: App version:      b98c57f[0m
[0;32mI (253) app_init: Compile time:     Jan 15 2025 23:47:36[0m
[0;32mI (258) app_init: ELF file SHA256:  b3e914c66...[0m
[0;32mI (262) app_init: ESP-IDF:          v5.5-dev-1346-gcc9fb5bd5e[0m
[0;32mI (268) efuse_init: Min chip rev:     v0.0[0m
[0;32mI (272) efuse_init: Max chip rev:     v3.99 [0m
[0;32mI (276) efuse_init: Chip rev:         v3.1[0m
[0;32mI (280) heap_init: Initializing. RAM available for dynamic allocation:[0m
[0;32mI (286) heap_init: At 3FFAE6E0 len 00001920 (6 KiB): DRAM[0m
[0;32mI (291) heap_init: At 3FFB4808 len 0002B7F8 (173 KiB): DRAM[0m
[0;32mI (296) heap_init: At 3FFE0440 len 00003AE0 (14 KiB): D/IRAM[0m
[0;32mI (302) heap_init: At 3FFE4350 len 0001BCB0 (111 KiB): D/IRAM[0m
[0;32mI (307) heap_init: At 4008DF10 len 000120F0 (72 KiB): IRAM[0m
[0;32mI (314) spi_flash: detected chip: generic[0m
[0;32mI (316) spi_flash: flash io: dio[0m
[0;33mW (319) spi_flash: Detected size(4096k) larger than the size in the binary image header(2048k). Using the size in the binary image header.[0m
[0;32mI (332) main_task: Started on CPU0[0m
[0;32mI (342) main_task: Calling app_main()[0m
[0;32mI (342) gpio: GPIO[25]| InputEn: 1| OutputEn: 0| OpenDrain: 0| Pullup: 1| Pulldown: 0| Intr:2 [0m
[0;32mI (342) cam_hal: cam init ok[0m
[0;32mI (342) sccb-ng: pin_sda 26 pin_scl 27[0m
[0;32mI (342) sccb-ng: sccb_i2c_port=1[0m
[0;32mI (362) camera: Detected camera at address=0x3c[0m
[0;32mI (362) camera: Detected OV3660 camera[0m
[0;32mI (362) camera: Camera PID=0x3660 VER=0x00 MIDL=0x00 MIDH=0x00[0m
[0;32mI (672) cam_hal: buffer_size: 32768, half_buffer_size: 4096, node_buffer_size: 2048, node_cnt: 16, total_cnt: 23[0m
[0;32mI (672) cam_hal: Allocating 96000 Byte frame buffer in PSRAM[0m
[1;31mE (672) cam_hal: cam_dma_config(301): frame buffer malloc failed[0m
[1;31mE (682) cam_hal: cam_config(390): cam_dma_config failed[0m
[1;31mE (682) camera: Camera config failed with error 0xffffffff[0m
[1;31mE (692) camera: Camera init failed with error 0x-1[0m
[0;32mI (692) gpio: GPIO[13]| InputEn: 0| OutputEn: 1| OpenDrain: 0| Pullup: 0| Pulldown: 0| Intr:0 [0m
[1;31mE (752) sdmmc_sd: sdmmc_init_sd_ssr: sdmmc_send_cmd returned 0xffffffff[0m
[1;31mE (752) vfs_fat_sdmmc: sdmmc_card_init failed (0xffffffff).[0m
[0;32mI (752) gpio: GPIO[14]| InputEn: 0| OutputEn: 0| OpenDrain: 0| Pullup: 1| Pulldown: 0| Intr:0 [0m
[0;32mI (752) gpio: GPIO[15]| InputEn: 0| OutputEn: 0| OpenDrain: 0| Pullup: 1| Pulldown: 0| Intr:0 [0m
[0;32mI (762) gpio: GPIO[2]| InputEn: 0| OutputEn: 0| OpenDrain: 0| Pullup: 1| Pulldown: 0| Intr:0 [0m
[0;32mI (772) gpio: GPIO[4]| InputEn: 0| OutputEn: 0| OpenDrain: 0| Pullup: 1| Pulldown: 0| Intr:0 [0m
[0;32mI (782) gpio: GPIO[12]| InputEn: 0| OutputEn: 0| OpenDrain: 0| Pullup: 1| Pulldown: 0| Intr:0 [0m
[0;32mI (792) gpio: GPIO[13]| InputEn: 0| OutputEn: 0| OpenDrain: 0| Pullup: 1| Pulldown: 0| Intr:0 [0m
Guru Meditation Error: Core  0 panic'ed (LoadProhibited). Exception was unhandled.

Core  0 register dump:
PC      : 0x400d820d  PS      : 0x00060330  A0      : 0x800d82b1  A1      : 0x3ffb6a10  
A2      : 0x00000003  A3      : 0x3f402300  A4      : 0x3f402374  A5      : 0x3ffb6ae0  
A6      : 0x3ffb6a70  A7      : 0x00000000  A8      : 0x800d820a  A9      : 0x3ffb69f0  
A10     : 0x00000322  A11     : 0x3f403634  A12     : 0x3ffb6a70  A13     : 0x3ffb6aa8  
A14     : 0x3ffb6ab8  A15     : 0x00000001  SAR     : 0x00000013  EXCCAUSE: 0x0000001c  
EXCVADDR: 0x00000004  LBEG    : 0x4000c46c  LEND    : 0x4000c477  LCOUNT  : 0x00000000  


Backtrace: 0x400d820a:0x3ffb6a10 0x400d82ae:0x3ffb6ae0 0x40102d97:0x3ffb6b00 0x40086fa1:0x3ffb6b30




ELF file SHA256: b3e914c66

Rebooting...
ets Jul 29 2019 12:21:46

rst:0xc (SW_CPU_RESET),boot:0x1b (SPI_FAST_FLASH_BOOT)
configsip: 0, SPIWP:0xee
clk_drv:0x00,q_drv:0x00,d_drv:0x00,cs0_drv:0x00,hd_drv:0x00,wp_drv:0x00
mode:DIO, clock div:2
load:0x3fff0030,len:6328
load:0x40078000,len:15828
load:0x40080400,len:3860
entry 0x40080638
[0;32mI (27) boot: ESP-IDF v5.5-dev-1346-gcc9fb5bd5e 2nd stage bootloader[0m
[0;32mI (27) boot: compile time Jan 15 2025 23:47:32[0m
[0;32mI (27) boot: Multicore bootloader[0m
[0;32mI (30) boot: chip revision: v3.1[0m
[0;32mI (33) boot.esp32: SPI Speed      : 40MHz[0m
[0;32mI (37) boot.esp32: SPI Mode       : DIO[0m
[0;32mI (40) boot.esp32: SPI Flash Size : 2MB[0m
[0;32mI (44) boot: Enabling RNG early entropy source...[0m
[0;32mI (48) boot: Partition Table:[0m
[0;32mI (51) boot: ## Label            Usage          Type ST Offset   Length[0m
[0;32mI (57) boot:  0 nvs              WiFi data        01 02 00009000 00006000[0m
[0;32mI (64) boot:  1 phy_init         RF data          01 01 0000f000 00001000[0m
[0;32mI (70) boot:  2 factory          factory app      00 00 00010000 00100000[0m
[0;32mI (77) boot: End of partition table[0m
[0;32mI (80) esp_image: segment 0: paddr=00010020 vaddr=3f400020 size=12234h ( 74292) map[0m
[0;32mI (113) esp_image: segment 1: paddr=0002225c vaddr=3ff80000 size=0001ch (    28) load[0m
[0;32mI (113) esp_image: segment 2: paddr=00022280 vaddr=3ffb0000 size=03630h ( 13872) load[0m
[0;32mI (122) esp_image: segment 3: paddr=000258b8 vaddr=40080000 size=0a760h ( 42848) load[0m
[0;32mI (141) esp_image: segment 4: paddr=00030020 vaddr=400d0020 size=336b8h (210616) map[0m
[0;32mI (214) esp_image: segment 5: paddr=000636e0 vaddr=4008a760 size=037b0h ( 14256) load[0m
[0;32mI (226) boot: Loaded app from partition at offset 0x10000[0m
[0;32mI (227) boot: Disabling RNG early entropy source...[0m
[0;32mI (237) cpu_start: Multicore app[0m
[0;32mI (245) cpu_start: Pro cpu start user code[0m
[0;32mI (245) cpu_start: cpu freq: 160000000 Hz[0m
[0;32mI (245) app_init: Application information:[0m
[0;32mI (246) app_init: Project name:     main[0m
[0;32mI (249) app_init: App version:      b98c57f[0m
[0;32mI (253) app_init: Compile time:     Jan 15 2025 23:47:36[0m
[0;32mI (258) app_init: ELF file SHA256:  b3e914c66...[0m
[0;32mI (262) app_init: ESP-IDF:          v5.5-dev-1346-gcc9fb5bd5e[0m
[0;32mI (268) efuse_init: Min chip rev:     v0.0[0m
[0;32mI (272) efuse_init: Max chip rev:     v3.99 [0m
[0;32mI (276) efuse_init: Chip rev:         v3.1[0m
[0;32mI (280) heap_init: Initializing. RAM available for dynamic allocation:[0m
[0;32mI (286) heap_init: At 3FFAE6E0 len 00001920 (6 KiB): DRAM[0m
[0;32mI (291) heap_init: At 3FFB4808 len 0002B7F8 (173 KiB): DRAM[0m
[0;32mI (296) heap_init: At 3FFE0440 len 00003AE0 (14 KiB): D/IRAM[0m
[0;32mI (302) heap_init: At 3FFE4350 len 0001BCB0 (111 KiB): D/IRAM[0m
[0;32mI (307) heap_init: At 4008DF10 len 000120F0 (72 KiB): IRAM[0m
[0;32mI (314) spi_flash: detected chip: generic[0m
[0;32mI (316) spi_flash: flash io: dio[0m
[0;33mW (319) spi_flash: Detected size(4096k) larger than the size in the binary image header(2048k). Using the size in the binary image header.[0m
[0;32mI (332) main_task: Started on CPU0[0m
[0;32mI (342) main_task: Calling app_main()[0m
[0;32mI (342) gpio: GPIO[25]| InputEn: 1| OutputEn: 0| OpenDrain: 0| Pullup: 1| Pulldown: 0| Intr:2 [0m
[0;32mI (342) cam_hal: cam init ok[0m
[0;32mI (342) sccb-ng: pin_sda 26 pin_scl 27[0m
[0;32mI (342) sccb-ng: sccb_i2c_port=1[0m
[0;32mI (362) camera: Detected camera at address=0x3c[0m
[0;32mI (362) camera: Detected OV3660 camera[0m
[0;32mI (362) camera: Camera PID=0x3660 VER=0x00 MIDL=0x00 MIDH=0x00[0m
[0;32mI (672) cam_hal: buffer_size: 32768, half_buffer_size: 4096, node_buffer_size: 2048, node_cnt: 16, total_cnt: 23[0m
[0;32mI (672) cam_hal: Allocating 96000 Byte frame buffer in PSRAM[0m
[1;31mE (672) cam_hal: cam_dma_config(301): frame buffer malloc failed[0m
[1;31mE (682) cam_hal: cam_config(390): cam_dma_config failed[0m
[1;31mE (682) camera: Camera config failed with error 0xffffffff[0m
[1;31mE (692) camera: Camera init failed with error 0x-1[0m
[0;32mI (692) gpio: GPIO[13]| InputEn: 0| OutputEn: 1| OpenDrain: 0| Pullup: 0| Pulldown: 0| Intr:0 [0m
[1;31mE (752) sdmmc_sd: sdmmc_init_sd_ssr: sdmmc_send_cmd returned 0xffffffff[0m
[1;31mE (752) vfs_fat_sdmmc: sdmmc_card_init failed (0xffffffff).[0m
[0;32mI (752) gpio: GPIO[14]| InputEn: 0| OutputEn: 0| OpenDrain: 0| Pullup: 1| Pulldown: 0| Intr:0 [0m
[0;32mI (752) gpio: GPIO[15]| InputEn: 0| OutputEn: 0| OpenDrain: 0| Pullup: 1| Pulldown: 0| Intr:0 [0m
[0;32mI (762) gpio: GPIO[2]| InputEn: 0| OutputEn: 0| OpenDrain: 0| Pullup: 1| Pulldown: 0| Intr:0 [0m
[0;32mI (772) gpio: GPIO[4]| InputEn: 0| OutputEn: 0| OpenDrain: 0| Pullup: 1| Pulldown: 0| Intr:0 [0m
[0;32mI (782) gpio: GPIO[12]| InputEn: 0| OutputEn: 0| OpenDrain: 0| Pullup: 1| Pulldown: 0| Intr:0 [0m
[0;32mI (792) gpio: GPIO[13]| InputEn: 0| OutputEn: 0| OpenDrain: 0| Pullup: 1| Pulldown: 0| Intr:0 [0m
Guru Meditation Error: Core  0 panic'ed (LoadProhibited). Exception was unhandled.

Core  0 register dump:
PC      : 0x400d820d  PS      : 0x00060330  A0      : 0x800d82b1  A1      : 0x3ffb6a10  
A2      : 0x00000003  A3      : 0x3f402300  A4      : 0x3f402374  A5      : 0x3ffb6ae0  
A6      : 0x3ffb6a70  A7      : 0x00000000  A8      : 0x800d820a  A9      : 0x3ffb69f0  
A10     : 0x00000322  A11     : 0x3f403634  A12     : 0x3ffb6a70  A13     : 0x3ffb6aa8  
A14     : 0x3ffb6ab8  A15     : 0x00000001  SAR     : 0x00000013  EXCCAUSE: 0x0000001c  
EXCVADDR: 0x00000004  LBEG    : 0x4000c46c  LEND    : 0x4000c477  LCOUNT  : 0x00000000  


Backtrace: 0x400d820a:0x3ffb6a10 0x400d82ae:0x3ffb6ae0 0x40102d97:0x3ffb6b00 0x40086fa1:0x3ffb6b30




ELF file SHA256: b3e914c66

Rebooting...
ets Jul 29 2019 12:21:46

rst:0xc (SW_CPU_RESET),boot:0x1b (SPI_FAST_FLASH_BOOT)
configsip: 0, SPIWP:0xee
clk_drv:0x00,q_drv:0x00,d_drv:0x00,cs0_drv:0x00,hd_drv:0x00,wp_drv:0x00
mode:DIO, clock div:2
load:0x3fff0030,len:6328
load:0x40078000,len:15828
load:0x40080400,len:3860
entry 0x40080638
[0;32mI (27) boot: ESP-IDF v5.5-dev-1346-gcc9fb5bd5e 2nd stage bootloader[0m
[0;32mI (27) boot: compile time Jan 15 2025 23:47:32[0m
[0;32mI (27) boot: Multicore bootloader[0m
[0;32mI (30) boot: chip revision: v3.1[0m
[0;32mI (33) boot.esp32: SPI Speed      : 40MHz[0m
[0;32mI (37) boot.esp32: SPI Mode       : DIO[0m
[0;32mI (40) boot.esp32: SPI Flash Size : 2MB[0m
[0;32mI (44) boot: Enabling RNG early entropy source...[0m
[0;32mI (48) boot: Partition Table:[0m
[0;32mI (51) boot: ## Label            Usage          Type ST Offset   Length[0m
[0;32mI (57) boot:  0 nvs              WiFi data        01 02 00009000 00006000[0m
[0;32mI (64) boot:  1 phy_init         RF data          01 01 0000f000 00001000[0m
[0;32mI (70) boot:  2 factory          factory app      00 00 00010000 00100000[0m
[0;32mI (77) boot: End of partition table[0m
[0;32mI (80) esp_image: segment 0: paddr=00010020 vaddr=3f400020 size=12234h ( 74292) map[0m
[0;32mI (113) esp_image: segment 1: paddr=0002225c vaddr=3ff80000 size=0001ch (    28) load[0m
[0;32mI (113) esp_image: segment 2: paddr=00022280 vaddr=3ffb0000 size=03630h ( 13872) load[0m
[0;32mI (122) esp_image: segment 3: paddr=000258b8 vaddr=40080000 size=0a760h ( 42848) load[0m
[0;32mI (141) esp_image: segment 4: paddr=00030020 vaddr=400d0020 size=336b8h (210616) map[0m
[0;32mI (214) esp_image: segment 5: paddr=000636e0 vaddr=4008a760 size=037b0h ( 14256) load[0m
[0;32mI (226) boot: Loaded app from partition at offset 0x10000[0m
[0;32mI (227) boot: Disabling RNG early entropy source...[0m
[0;32mI (237) cpu_start: Multicore app[0m
[0;32mI (245) cpu_start: Pro cpu start user code[0m
[0;32mI (245) cpu_start: cpu freq: 160000000 Hz[0m
[0;32mI (245) app_init: Application information:[0m
[0;32mI (246) app_init: Project name:     main[0m
[0;32mI (249) app_init: App version:      b98c57f[0m
[0;32mI (253) app_init: Compile time:     Jan 15 2025 23:47:36[0m
[0;32mI (258) app_init: ELF file SHA256:  b3e914c66...[0m
[0;32mI (262) app_init: ESP-IDF:          v5.5-dev-1346-gcc9fb5bd5e[0m
[0;32mI (268) efuse_init: Min chip rev:     v0.0[0m
[0;32mI (272) efuse_init: Max chip rev:     v3.99 [0m
[0;32mI (276) efuse_init: Chip rev:         v3.1[0m
[0;32mI (280) heap_init: Initializing. RAM available for dynamic allocation:[0m
[0;32mI (286) heap_init: At 3FFAE6E0 len 00001920 (6 KiB): DRAM[0m
[0;32mI (291) heap_init: At 3FFB4808 len 0002B7F8 (173 KiB): DRAM[0m
[0;32mI (296) heap_init: At 3FFE0440 len 00003AE0 (14 KiB): D/IRAM[0m
[0;32mI (302) heap_init: At 3FFE4350 len 0001BCB0 (111 KiB): D/IRAM[0m
[0;32mI (307) heap_init: At 4008DF10 len 000120F0 (72 KiB): IRAM[0m
[0;32mI (314) spi_flash: detected chip: generic[0m
[0;32mI (316) spi_flash: flash io: dio[0m
[0;33mW (319) spi_flash: Detected size(4096k) larger than the size in the binary image header(2048k). Using the size in the binary image header.[0m
[0;32mI (332) main_task: Started on CPU0[0m
[0;32mI (342) main_task: Calling app_main()[0m
[0;32mI (342) gpio: GPIO[25]| InputEn: 1| OutputEn: 0| OpenDrain: 0| Pullup: 1| Pulldown: 0| Intr:2 [0m
[0;32mI (342) cam_hal: cam init ok[0m
[0;32mI (342) sccb-ng: pin_sda 26 pin_scl 27[0m
[0;32mI (342) sccb-ng: sccb_i2c_port=1[0m
[0;32mI (362) camera: Detected camera at address=0x3c[0m
[0;32mI (362) camera: Detected OV3660 camera[0m
[0;32mI (362) camera: Camera PID=0x3660 VER=0x00 MIDL=0x00 MIDH=0x00[0m
[0;32mI (672) cam_hal: buffer_size: 32768, half_buffer_size: 4096, node_buffer_size: 2048, node_cnt: 16, total_cnt: 23[0m
[0;32mI (672) cam_hal: Allocating 96000 Byte frame buffer in PSRAM[0m
[1;31mE (672) cam_hal: cam_dma_config(301): frame buffer malloc failed[0m
[1;31mE (682) cam_hal: cam_config(390): cam_dma_config failed[0m
[1;31mE (682) camera: Camera config failed with error 0xffffffff[0m
[1;31mE (692) camera: Camera init failed with error 0x-1[0m
[0;32mI (692) gpio: GPIO[13]| InputEn: 0| OutputEn: 1| OpenDrain: 0| Pullup: 0| Pulldown: 0| Intr:0 [0m
[1;31mE (752) sdmmc_sd: sdmmc_init_sd_ssr: sdmmc_send_cmd returned 0xffffffff[0m
[1;31mE (752) vfs_fat_sdmmc: sdmmc_card_init failed (0xffffffff).[0m
[0;32mI (752) gpio: GPIO[14]| InputEn: 0| OutputEn: 0| OpenDrain: 0| Pullup: 1| Pulldown: 0| Intr:0 [0m
[0;32mI (752) gpio: GPIO[15]| InputEn: 0| OutputEn: 0| OpenDrain: 0| Pullup: 1| Pulldown: 0| Intr:0 [0m
[0;32mI (762) gpio: GPIO[2]| InputEn: 0| OutputEn: 0| OpenDrain: 0| Pullup: 1| Pulldown: 0| Intr:0 [0m
[0;32mI (772) gpio: GPIO[4]| InputEn: 0| OutputEn: 0| OpenDrain: 0| Pullup: 1| Pulldown: 0| Intr:0 [0m
[0;32mI (782) gpio: GPIO[12]| InputEn: 0| OutputEn: 0| OpenDrain: 0| Pullup: 1| Pulldown: 0| Intr:0 [0m
[0;32mI (792) gpio: GPIO[13]| InputEn: 0| OutputEn: 0| OpenDrain: 0| Pullup: 1| Pulldown: 0| Intr:0 [0m
Guru Meditation Error: Core  0 panic'ed (LoadProhibited). Exception was unhandled.

Core  0 register dump:
PC      : 0x400d820d  PS      : 0x00060330  A0      : 0x800d82b1  A1      : 0x3ffb6a10  
A2      : 0x00000003  A3      : 0x3f402300  A4      : 0x3f402374  A5      : 0x3ffb6ae0  
A6      : 0x3ffb6a70  A7      : 0x00000000  A8      : 0x800d820a  A9      : 0x3ffb69f0  
A10     : 0x00000322  A11     : 0x3f403634  A12     : 0x3ffb6a70  A13     : 0x3ffb6aa8  
A14     : 0x3ffb6ab8  A15     : 0x00000001  SAR     : 0x00000013  EXCCAUSE: 0x0000001c  
EXCVADDR: 0x00000004  LBEG    : 0x4000c46c  LEND    : 0x4000c477  LCOUNT  : 0x00000000  


Backtrace: 0x400d820a:0x3ffb6a10 0x400d82ae:0x3ffb6ae0 0x40102d97:0x3ffb6b00 0x40086fa1:0x3ffb6b30




ELF file SHA256: b3e914c66

Rebooting...
ets Jul 29 2019 12:21:46

rst:0xc (SW_CPU_RESET),boot:0x1b (SPI_FAST_FLASH_BOOT)
configsip: 0, SPIWP:0xee
clk_drv:0x00,q_drv:0x00,d_drv:0x00,cs0_drv:0x00,hd_drv:0x00,wp_drv:0x00
mode:DIO, clock div:2
load:0x3fff0030,len:6328
load:0x40078000,len:15828
load:0x40080400,len:3860
entry 0x40080638
[0;32mI (27) boot: ESP-IDF v5.5-dev-1346-gcc9fb5bd5e 2nd stage bootloader[0m
[0;32mI (27) boot: compile time Jan 15 2025 23:47:32[0m
[0;32mI (27) boot: Multicore bootloader[0m
[0;32mI (30) boot: chip revision: v3.1[0m
[0;32mI (33) boot.esp32: SPI Speed      : 40MHz[0m
[0;32mI (37) boot.esp32: SPI Mode       : DIO[0m
[0;32mI (40) boot.esp32: SPI Flash Size : 2MB[0m
[0;32mI (44) boot: Enabling RNG early entropy source...[0m
[0;32mI (48) boot: Partition Table:[0m
[0;32mI (51) boot: ## Label            Usage          Type ST Offset   Length[0m
[0;32mI (57) boot:  0 nvs              WiFi data        01 02 00009000 00006000[0m
[0;32mI (64) boot:  1 phy_init         RF data          01 01 0000f000 00001000[0m
[0;32mI (70) boot:  2 factory          factory app      00 00 00010000 00100000[0m
[0;32mI (77) boot: End of partition table[0m
[0;32mI (80) esp_image: segment 0: paddr=00010020 vaddr=3f400020 size=12234h ( 74292) map[0m
[0;32mI (113) esp_image: segment 1: paddr=0002225c vaddr=3ff80000 size=0001ch (    28) load[0m
[0;32mI (113) esp_image: segment 2: paddr=00022280 vaddr=3ffb0000 size=03630h ( 13872) load[0m
[0;32mI (122) esp_image: segment 3: paddr=000258b8 vaddr=40080000 size=0a760h ( 42848) load[0m
[0;32mI (141) esp_image: segment 4: paddr=00030020 vaddr=400d0020 size=336b8h (210616) map[0m
[0;32mI (214) esp_image: segment 5: paddr=000636e0 vaddr=4008a760 size=037b0h ( 14256) load[0m
[0;32mI (226) boot: Loaded app from partition at offset 0x10000[0m
[0;32mI (227) boot: Disabling RNG early entropy source...[0m
[0;32mI (237) cpu_start: Multicore app[0m
[0;32mI (245) cpu_start: Pro cpu start user code[0m
[0;32mI (245) cpu_start: cpu freq: 160000000 Hz[0m
[0;32mI (245) app_init: Application information:[0m
[0;32mI (246) app_init: Project name:     main[0m
[0;32mI (249) app_init: App version:      b98c57f[0m
[0;32mI (253) app_init: Compile time:     Jan 15 2025 23:47:36[0m
[0;32mI (258) app_init: ELF file SHA256:  b3e914c66...[0m
[0;32mI (262) app_init: ESP-IDF:          v5.5-dev-1346-gcc9fb5bd5e[0m
[0;32mI (268) efuse_init: Min chip rev:     v0.0[0m
[0;32mI (272) efuse_init: Max chip rev:     v3.99 [0m
[0;32mI (276) efuse_init: Chip rev:         v3.1[0m
[0;32mI (280) heap_init: Initializing. RAM available for dynamic allocation:[0m
[0;32mI (286) heap_init: At 3FFAE6E0 len 00001920 (6 KiB): DRAM[0m
[0;32mI (291) heap_init: At 3FFB4808 len 0002B7F8 (173 KiB): DRAM[0m
[0;32mI (296) heap_init: At 3FFE0440 len 00003AE0 (14 KiB): D/IRAM[0m
[0;32mI (302) heap_init: At 3FFE4350 len 0001BCB0 (111 KiB): D/IRAM[0m
[0;32mI (307) heap_init: At 4008DF10 len 000120F0 (72 KiB): IRAM[0m
[0;32mI (314) spi_flash: detected chip: generic[0m
[0;32mI (316) spi_flash: flash io: dio[0m
[0;33mW (319) spi_flash: Detected size(4096k) larger than the size in the binary image header(2048k). Using the size in the binary image header.[0m
[0;32mI (332) main_task: Started on CPU0[0m
[0;32mI (342) main_task: Calling app_main()[0m
[0;32mI (342) gpio: GPIO[25]| InputEn: 1| OutputEn: 0| OpenDrain: 0| Pullup: 1| Pulldown: 0| Intr:2 [0m
[0;32mI (342) cam_hal: cam init ok[0m
[0;32mI (342) sccb-ng: pin_sda 26 pin_scl 27[0m
[0;32mI (342) sccb-ng: sccb_i2c_port=1[0m
[0;32mI (362) camera: Detected camera at address=0x3c[0m
[0;32mI (362) camera: Detected OV3660 camera[0m
[0;32mI (362) camera: Camera PID=0x3660 VER=0x00 MIDL=0x00 MIDH=0x00[0m
[0;32mI (672) cam_hal: buffer_size: 32768, half_buffer_size: 4096, node_buffer_size: 2048, node_cnt: 16, total_cnt: 23[0m
[0;32mI (672) cam_hal: Allocating 96000 Byte frame buffer in PSRAM[0m
[1;31mE (672) cam_hal: cam_dma_config(301): frame buffer malloc failed[0m
[1;31mE (682) cam_hal: cam_config(390): cam_dma_config failed[0m
[1;31mE (682) camera: Camera config failed with error 0xffffffff[0m
[1;31mE (692) camera: Camera init failed with error 0x-1[0m
[0;32mI (692) gpio: GPIO[13]| InputEn: 0| OutputEn: 1| OpenDrain: 0| Pullup: 0| Pulldown: 0| Intr:0 [0m
[1;31mE (752) sdmmc_sd: sdmmc_init_sd_ssr: sdmmc_send_cmd returned 0xffffffff[0m
[1;31mE (752) vfs_fat_sdmmc: sdmmc_card_init failed (0xffffffff).[0m
[0;32mI (752) gpio: GPIO[14]| InputEn: 0| OutputEn: 0| OpenDrain: 0| Pullup: 1| Pulldown: 0| Intr:0 [0m
[0;32mI (752) gpio: GPIO[15]| InputEn: 0| OutputEn: 0| OpenDrain: 0| Pullup: 1| Pulldown: 0| Intr:0 [0m
[0;32mI (762) gpio: GPIO[2]| InputEn: 0| OutputEn: 0| OpenDrain: 0| Pullup: 1| Pulldown: 0| Intr:0 [0m
[0;32mI (772) gpio: GPIO[4]| InputEn: 0| OutputEn: 0| OpenDrain: 0| Pullup: 1| Pulldown: 0| Intr:0 [0m
[0;32mI (782) gpio: GPIO[12]| InputEn: 0| OutputEn: 0| OpenDrain: 0| Pullup: 1| Pulldown: 0| Intr:0 [0m
[0;32mI (792) gpio: GPIO[13]| InputEn: 0| OutputEn: 0| OpenDrain: 0| Pullup: 1| Pulldown: 0| Intr:0 [0m
Guru Meditation Error: Core  0 panic'ed (LoadProhibited). Exception was unhandled.

Core  0 register dump:
PC      : 0x400d820d  PS      : 0x00060330  A0      : 0x800d82b1  A1      : 0x3ffb6a10  
A2      : 0x00000003  A3      : 0x3f402300  A4      : 0x3f402374  A5      : 0x3ffb6ae0  
A6      : 0x3ffb6a70  A7      : 0x00000000  A8      : 0x800d820a  A9      : 0x3ffb69f0  
A10     : 0x00000322  A11     : 0x3f403634  A12     : 0x3ffb6a70  A13     : 0x3ffb6aa8  
A14     : 0x3ffb6ab8  A15     : 0x00000001  SAR     : 0x00000013  EXCCAUSE: 0x0000001c  
EXCVADDR: 0x00000004  LBEG    : 0x4000c46c  LEND    : 0x4000c477  LCOUNT  : 0x00000000  


Backtrace: 0x400d820a:0x3ffb6a10 0x400d82ae:0x3ffb6ae0 0x40102d97:0x3ffb6b00 0x40086fa1:0x3ffb6b30




ELF file SHA256: b3e914c66

Rebooting...
ets Jul 29 2019 12:21:46

rst:0xc (SW_CPU_RESET),boot:0x1b (SPI_FAST_FLASH_BOOT)
configsip: 0, SPIWP:0xee
clk_drv:0x00,q_drv:0x00,d_drv:0x00,cs0_drv:0x00,hd_drv:0x00,wp_drv:0x00
mode:DIO, clock div:2
load:0x3fff0030,len:6328
load:0x40078000,len:15828
load:0x40080400,len:3860
entry 0x40080638
[0;32mI (27) boot: ESP-IDF v5.5-dev-1346-gcc9fb5bd5e 2nd stage bootloader[0m
[0;32mI (27) boot: compile time Jan 15 2025 23:47:32[0m
[0;32mI (27) boot: Multicore bootloader[0m
[0;32mI (30) boot: chip revision: v3.1[0m
[0;32mI (33) boot.esp32: SPI Speed      : 40MHz[0m
[0;32mI (37) boot.esp32: SPI Mode       : DIO[0m
[0;32mI (40) boot.esp32: SPI Flash Size : 2MB[0m
[0;32mI (44) boot: Enabling RNG early entropy source...[0m
[0;32mI (48) boot: Partition Table:[0m
[0;32mI (51) boot: ## Label            Usage          Type ST Offset   Length[0m
[0;32mI (57) boot:  0 nvs              WiFi data        01 02 00009000 00006000[0m
[0;32mI (64) boot:  1 phy_init         RF data          01 01 0000f000 00001000[0m
[0;32mI (70) boot:  2 factory          factory app      00 00 00010000 00100000[0m
[0;32mI (77) boot: End of partition table[0m
[0;32mI (80) esp_image: segment 0: paddr=00010020 vaddr=3f400020 size=12234h ( 74292) map[0m
[0;32mI (113) esp_image: segment 1: paddr=0002225c vaddr=3ff80000 size=0001ch (    28) load[0m
[0;32mI (113) esp_image: segment 2: paddr=00022280 vaddr=3ffb0000 size=03630h ( 13872) load[0m
[0;32mI (122) esp_image: segment 3: paddr=000258b8 vaddr=40080000 size=0a760h ( 42848) load[0m
[0;32mI (141) esp_image: segment 4: paddr=00030020 vaddr=400d0020 size=336b8h (210616) map[0m
[0;32mI (214) esp_image: segment 5: paddr=000636e0 vaddr=4008a760 size=037b0h ( 14256) load[0m
[0;32mI (226) boot: Loaded app from partition at offset 0x10000[0m
[0;32mI (227) boot: Disabling RNG early entropy source...[0m
[0;32mI (237) cpu_start: Multicore app[0m
[0;32mI (245) cpu_start: Pro cpu start user code[0m
[0;32mI (245) cpu_start: cpu freq: 160000000 Hz[0m
[0;32mI (245) app_init: Application information:[0m
[0;32mI (246) app_init: Project name:     main[0m
[0;32mI (249) app_init: App version:      b98c57f[0m
[0;32mI (253) app_init: Compile time:     Jan 15 2025 23:47:36[0m
[0;32mI (258) app_init: ELF file SHA256:  b3e914c66...[0m
[0;32mI (262) app_init: ESP-IDF:          v5.5-dev-1346-gcc9fb5bd5e[0m
[0;32mI (268) efuse_init: Min chip rev:     v0.0[0m
[0;32mI (272) efuse_init: Max chip rev:     v3.99 [0m
[0;32mI (276) efuse_init: Chip rev:         v3.1[0m
[0;32mI (280) heap_init: Initializing. RAM available for dynamic allocation:[0m
[0;32mI (286) heap_init: At 3FFAE6E0 len 00001920 (6 KiB): DRAM[0m
[0;32mI (291) heap_init: At 3FFB4808 len 0002B7F8 (173 KiB): DRAM[0m
[0;32mI (296) heap_init: At 3FFE0440 len 00003AE0 (14 KiB): D/IRAM[0m
[0;32mI (302) heap_init: At 3FFE4350 len 0001BCB0 (111 KiB): D/IRAM[0m
[0;32mI (307) heap_init: At 4008DF10 len 000120F0 (72 KiB): IRAM[0m
[0;32mI (314) spi_flash: detected chip: generic[0m
[0;32mI (316) spi_flash: flash io: dio[0m
[0;33mW (319) spi_flash: Detected size(4096k) larger than the size in the binary image header(2048k). Using the size in the binary image header.[0m
[0;32mI (332) main_task: Started on CPU0[0m
[0;32mI (342) main_task: Calling app_main()[0m
[0;32mI (342) gpio: GPIO[25]| InputEn: 1| OutputEn: 0| OpenDrain: 0| Pullup: 1| Pulldown: 0| Intr:2 [0m
[0;32mI (342) cam_hal: cam init ok[0m
[0;32mI (342) sccb-ng: pin_sda 26 pin_scl 27[0m
[0;32mI (342) sccb-ng: sccb_i2c_port=1[0m
[0;32mI (362) camera: Detected camera at address=0x3c[0m
[0;32mI (362) camera: Detected OV3660 camera[0m
[0;32mI (362) camera: Camera PID=0x3660 VER=0x00 MIDL=0x00 MIDH=0x00[0m
[0;32mI (672) cam_hal: buffer_size: 32768, half_buffer_size: 4096, node_buffer_size: 2048, node_cnt: 16, total_cnt: 23[0m
[0;32mI (672) cam_hal: Allocating 96000 Byte frame buffer in PSRAM[0m
[1;31mE (672) cam_hal: cam_dma_config(301): frame buffer malloc failed[0m
[1;31mE (682) cam_hal: cam_config(390): cam_dma_config failed[0m
[1;31mE (682) camera: Camera config failed with error 0xffffffff[0m
[1;31mE (692) camera: Camera init failed with error 0x-1[0m
[0;32mI (692) gpio: GPIO[13]| InputEn: 0| OutputEn: 1| OpenDrain: 0| Pullup: 0| Pulldown: 0| Intr:0 [0m
[1;31mE (752) sdmmc_sd: sdmmc_init_sd_ssr: sdmmc_send_cmd returned 0xffffffff[0m
[1;31mE (752) vfs_fat_sdmmc: sdmmc_card_init failed (0xffffffff).[0m
[0;32mI (752) gpio: GPIO[14]| InputEn: 0| OutputEn: 0| OpenDrain: 0| Pullup: 1| Pulldown: 0| Intr:0 [0m
[0;32mI (752) gpio: GPIO[15]| InputEn: 0| OutputEn: 0| OpenDrain: 0| Pullup: 1| Pulldown: 0| Intr:0 [0m
[0;32mI (762) gpio: GPIO[2]| InputEn: 0| OutputEn: 0| OpenDrain: 0| Pullup: 1| Pulldown: 0| Intr:0 [0m
[0;32mI (772) gpio: GPIO[4]| InputEn: 0| OutputEn: 0| OpenDrain: 0| Pullup: 1| Pulldown: 0| Intr:0 [0m
[0;32mI (782) gpio: GPIO[12]| InputEn: 0| OutputEn: 0| OpenDrain: 0| Pullup: 1| Pulldown: 0| Intr:0 [0m
[0;32mI (792) gpio: GPIO[13]| InputEn: 0| OutputEn: 0| OpenDrain: 0| Pullup: 1| Pulldown: 0| Intr:0 [0m
Guru Meditation Error: Core  0 panic'ed (LoadProhibited). Exception was unhandled.

Core  0 register dump:
PC      : 0x400d820d  PS      : 0x00060330  A0      : 0x800d82b1  A1      : 0x3ffb6a10  
A2      : 0x00000003  A3      : 0x3f402300  A4      : 0x3f402374  A5      : 0x3ffb6ae0  
A6      : 0x3ffb6a70  A7      : 0x00000000  A8      : 0x800d820a  A9      : 0x3ffb69f0  
A10     : 0x00000322  A11     : 0x3f403634  A12     : 0x3ffb6a70  A13     : 0x3ffb6aa8  
A14     : 0x3ffb6ab8  A15     : 0x00000001  SAR     : 0x00000013  EXCCAUSE: 0x0000001c  
EXCVADDR: 0x00000004  LBEG    : 0x4000c46c  LEND    : 0x4000c477  LCOUNT  : 0x00000000  


Backtrace: 0x400d820a:0x3ffb6a10 0x400d82ae:0x3ffb6ae0 0x40102d97:0x3ffb6b00 0x40086fa1:0x3ffb6b30




ELF file SHA256: b3e914c66

Rebooting...
ets Jul 29 2019 12:21:46

rst:0xc (SW_CPU_RESET),boot:0x1b (SPI_FAST_FLASH_BOOT)
configsip: 0, SPIWP:0xee
clk_drv:0x00,q_drv:0x00,d_drv:0x00,cs0_drv:0x00,hd_drv:0x00,wp_drv:0x00
mode:DIO, clock div:2
load:0x3fff0030,len:6328
load:0x40078000,len:15828
load:0x40080400,len:3860
entry 0x40080638
[0;32mI (27) boot: ESP-IDF v5.5-dev-1346-gcc9fb5bd5e 2nd stage bootloader[0m
[0;32mI (27) boot: compile time Jan 15 2025 23:47:32[0m
[0;32mI (27) boot: Multicore bootloader[0m
[0;32mI (30) boot: chip revision: v3.1[0m
[0;32mI (33) boot.esp32: SPI Speed      : 40MHz[0m
[0;32mI (37) boot.esp32: SPI Mode       : DIO[0m
[0;32mI (40) boot.esp32: SPI Flash Size : 2MB[0m
[0;32mI (44) boot: Enabling RNG early entropy source...[0m
[0;32mI (48) boot: Partition Table:[0m
[0;32mI (51) boot: ## Label            Usage          Type ST Offset   Length[0m
[0;32mI (57) boot:  0 nvs              WiFi data        01 02 00009000 00006000[0m
[0;32mI (64) boot:  1 phy_init         RF data          01 01 0000f000 00001000[0m
[0;32mI (70) boot:  2 factory          factory app      00 00 00010000 00100000[0m
[0;32mI (77) boot: End of partition table[0m
[0;32mI (80) esp_image: segment 0: paddr=00010020 vaddr=3f400020 size=12234h ( 74292) map[0m
[0;32mI (113) esp_image: segment 1: paddr=0002225c vaddr=3ff80000 size=0001ch (    28) load[0m
[0;32mI (113) esp_image: segment 2: paddr=00022280 vaddr=3ffb0000 size=03630h ( 13872) load[0m
[0;32mI (122) esp_image: segment 3: paddr=000258b8 vaddr=40080000 size=0a760h ( 42848) load[0m
[0;32mI (141) esp_image: segment 4: paddr=00030020 vaddr=400d0020 size=336b8h (210616) map[0m
[0;32mI (214) esp_image: segment 5: paddr=000636e0 vaddr=4008a760 size=037b0h ( 14256) load[0m
[0;32mI (226) boot: Loaded app from partition at offset 0x10000[0m
[0;32mI (227) boot: Disabling RNG early entropy source...[0m
[0;32mI (237) cpu_start: Multicore app[0m
[0;32mI (245) cpu_start: Pro cpu start user code[0m
[0;32mI (245) cpu_start: cpu freq: 160000000 Hz[0m
[0;32mI (245) app_init: Application information:[0m
[0;32mI (246) app_init: Project name:     main[0m
[0;32mI (249) app_init: App version:      b98c57f[0m
[0;32mI (253) app_init: Compile time:     Jan 15 2025 23:47:36[0m
[0;32mI (258) app_init: ELF file SHA256:  b3e914c66...[0m
[0;32mI (262) app_init: ESP-IDF:          v5.5-dev-1346-gcc9fb5bd5e[0m
[0;32mI (268) efuse_init: Min chip rev:     v0.0[0m
[0;32mI (272) efuse_init: Max chip rev:     v3.99 [0m
[0;32mI (276) efuse_init: Chip rev:         v3.1[0m
[0;32mI (280) heap_init: Initializing. RAM available for dynamic allocation:[0m
[0;32mI (286) heap_init: At 3FFAE6E0 len 00001920 (6 KiB): DRAM[0m
[0;32mI (291) heap_init: At 3FFB4808 len 0002B7F8 (173 KiB): DRAM[0m
[0;32mI (296) heap_init: At 3FFE0440 len 00003AE0 (14 KiB): D/IRAM[0m
[0;32mI (302) heap_init: At 3FFE4350 len 0001BCB0 (111 KiB): D/IRAM[0m
[0;32mI (307) heap_init: At 4008DF10 len 000120F0 (72 KiB): IRAM[0m
[0;32mI (314) spi_flash: detected chip: generic[0m
[0;32mI (316) spi_flash: flash io: dio[0m
[0;33mW (319) spi_flash: Detected size(4096k) larger than the size in the binary image header(2048k). Using the size in the binary image header.[0m
[0;32mI (332) main_task: Started on CPU0[0m
[0;32mI (342) main_task: Calling app_main()[0m
[0;32mI (342) gpio: GPIO[25]| InputEn: 1| OutputEn: 0| OpenDrain: 0| Pullup: 1| Pulldown: 0| Intr:2 [0m
[0;32mI (342) cam_hal: cam init ok[0m
[0;32mI (342) sccb-ng: pin_sda 26 pin_scl 27[0m
[0;32mI (342) sccb-ng: sccb_i2c_port=1[0m
[0;32mI (362) camera: Detected camera at address=0x3c[0m
[0;32mI (362) camera: Detected OV3660 camera[0m
[0;32mI (362) camera: Camera PID=0x3660 VER=0x00 MIDL=0x00 MIDH=0x00[0m
[0;32mI (672) cam_hal: buffer_size: 32768, half_buffer_size: 4096, node_buffer_size: 2048, node_cnt: 16, total_cnt: 23[0m
[0;32mI (672) cam_hal: Allocating 96000 Byte frame buffer in PSRAM[0m
[1;31mE (672) cam_hal: cam_dma_config(301): frame buffer malloc failed[0m
[1;31mE (682) cam_hal: cam_config(390): cam_dma_config failed[0m
[1;31mE (682) camera: Camera config failed with error 0xffffffff[0m
[1;31mE (692) camera: Camera init failed with error 0x-1[0m
[0;32mI (692) gpio: GPIO[13]| InputEn: 0| OutputEn: 1| OpenDrain: 0| Pullup: 0| Pulldown: 0| Intr:0 [0m
[1;31mE (752) sdmmc_sd: sdmmc_init_sd_ssr: sdmmc_send_cmd returned 0xffffffff[0m
[1;31mE (752) vfs_fat_sdmmc: sdmmc_card_init failed (0xffffffff).[0m
[0;32mI (752) gpio: GPIO[14]| InputEn: 0| OutputEn: 0| OpenDrain: 0| Pullup: 1| Pulldown: 0| Intr:0 [0m
[0;32mI (752) gpio: GPIO[15]| InputEn: 0| OutputEn: 0| OpenDrain: 0| Pullup: 1| Pulldown: 0| Intr:0 [0m
[0;32mI (762) gpio: GPIO[2]| InputEn: 0| OutputEn: 0| OpenDrain: 0| Pullup: 1| Pulldown: 0| Intr:0 [0m
[0;32mI (772) gpio: GPIO[4]| InputEn: 0| OutputEn: 0| OpenDrain: 0| Pullup: 1| Pulldown: 0| Intr:0 [0m
[0;32mI (782) gpio: GPIO[12]| InputEn: 0| OutputEn: 0| OpenDrain: 0| Pullup: 1| Pulldown: 0| Intr:0 [0m
[0;32mI (792) gpio: GPIO[13]| InputEn: 0| OutputEn: 0| OpenDrain: 0| Pullup: 1| Pulldown: 0| Intr:0 [0m
Guru Meditation Error: Core  0 panic'ed (LoadProhibited). Exception was unhandled.

Core  0 register dump:
PC      : 0x400d820d  PS      : 0x00060330  A0      : 0x800d82b1  A1      : 0x3ffb6a10  
A2      : 0x00000003  A3      : 0x3f402300  A4      : 0x3f402374  A5      : 0x3ffb6ae0  
A6      : 0x3ffb6a70  A7      : 0x00000000  A8      : 0x800d820a  A9      : 0x3ffb69f0  
A10     : 0x00000322  A11     : 0x3f403634  A12     : 0x3ffb6a70  A13     : 0x3ffb6aa8  
A14     : 0x3ffb6ab8  A15     : 0x00000001  SAR     : 0x00000013  EXCCAUSE: 0x0000001c  
EXCVADDR: 0x00000004  LBEG    : 0x4000c46c  LEND    : 0x4000c477  LCOUNT  : 0x00000000  


Backtrace: 0x400d820a:0x3ffb6a10 0x400d82ae:0x3ffb6ae0 0x40102d97:0x3ffb6b00 0x40086fa1:0x3ffb6b30




ELF file SHA256: b3e914c66

Rebooting...
ets Jul 29 2019 12:21:46

rst:0xc (SW_CPU_RESET),boot:0x1b (SPI_FAST_FLASH_BOOT)
configsip: 0, SPIWP:0xee
clk_drv:0x00,q_drv:0x00,d_drv:0x00,cs0_drv:0x00,hd_drv:0x00,wp_drv:0x00
mode:DIO, clock div:2
load:0x3fff0030,len:6328
load:0x40078000,len:15828
load:0x40080400,len:3860
entry 0x40080638
[0;32mI (27) boot: ESP-IDF v5.5-dev-1346-gcc9fb5bd5e 2nd stage bootloader[0m
[0;32mI (27) boot: compile time Jan 15 2025 23:47:32[0m
[0;32mI (27) boot: Multicore bootloader[0m
[0;32mI (30) boot: chip revision: v3.1[0m
[0;32mI (33) boot.esp32: SPI Speed      : 40MHz[0m
[0;32mI (37) boot.esp32: SPI Mode       : DIO[0m
[0;32mI (40) boot.esp32: SPI Flash Size : 2MB[0m
[0;32mI (44) boot: Enabling RNG early entropy source...[0m
[0;32mI (48) boot: Partition Table:[0m
[0;32mI (51) boot: ## Label            Usage          Type ST Offset   Length[0m
[0;32mI (57) boot:  0 nvs              WiFi data        01 02 00009000 00006000[0m
[0;32mI (64) boot:  1 phy_init         RF data          01 01 0000f000 00001000[0m
[0;32mI (70) boot:  2 factory          factory app      00 00 00010000 00100000[0m
[0;32mI (77) boot: End of partition table[0m
[0;32mI (80) esp_image: segment 0: paddr=00010020 vaddr=3f400020 size=12234h ( 74292) map[0m
[0;32mI (113) esp_image: segment 1: paddr=0002225c vaddr=3ff80000 size=0001ch (    28) load[0m
[0;32mI (113) esp_image: segment 2: paddr=00022280 vaddr=3ffb0000 size=03630h ( 13872) load[0m
[0;32mI (122) esp_image: segment 3: paddr=000258b8 vaddr=40080000 size=0a760h ( 42848) load[0m
[0;32mI (141) esp_image: segment 4: paddr=00030020 vaddr=400d0020 size=336b8h (210616) map[0m
[0;32mI (214) esp_image: segment 5: paddr=000636e0 vaddr=4008a760 size=037b0h ( 14256) load[0m
[0;32mI (226) boot: Loaded app from partition at offset 0x10000[0m
[0;32mI (227) boot: Disabling RNG early entropy source...[0m
[0;32mI (237) cpu_start: Multicore app[0m
[0;32mI (245) cpu_start: Pro cpu start user code[0m
[0;32mI (245) cpu_start: cpu freq: 160000000 Hz[0m
[0;32mI (245) app_init: Application information:[0m
[0;32mI (246) app_init: Project name:     main[0m
[0;32mI (249) app_init: App version:      b98c57f[0m
[0;32mI (253) app_init: Compile time:     Jan 15 2025 23:47:36[0m
[0;32mI (258) app_init: ELF file SHA256:  b3e914c66...[0m
[0;32mI (262) app_init: ESP-IDF:          v5.5-dev-1346-gcc9fb5bd5e[0m
[0;32mI (268) efuse_init: Min chip rev:     v0.0[0m
[0;32mI (272) efuse_init: Max chip rev:     v3.99 [0m
[0;32mI (276) efuse_init: Chip rev:         v3.1[0m
[0;32mI (280) heap_init: Initializing. RAM available for dynamic allocation:[0m
[0;32mI (286) heap_init: At 3FFAE6E0 len 00001920 (6 KiB): DRAM[0m
[0;32mI (291) heap_init: At 3FFB4808 len 0002B7F8 (173 KiB): DRAM[0m
[0;32mI (296) heap_init: At 3FFE0440 len 00003AE0 (14 KiB): D/IRAM[0m
[0;32mI (302) heap_init: At 3FFE4350 len 0001BCB0 (111 KiB): D/IRAM[0m
[0;32mI (307) heap_init: At 4008DF10 len 000120F0 (72 KiB): IRAM[0m
[0;32mI (314) spi_flash: detected chip: generic[0m
[0;32mI (316) spi_flash: flash io: dio[0m
[0;33mW (319) spi_flash: Detected size(4096k) larger than the size in the binary image header(2048k). Using the size in the binary image header.[0m
[0;32mI (332) main_task: Started on CPU0[0m
[0;32mI (342) main_task: Calling app_main()[0m
[0;32mI (342) gpio: GPIO[25]| InputEn: 1| OutputEn: 0| OpenDrain: 0| Pullup: 1| Pulldown: 0| Intr:2 [0m
[0;32mI (342) cam_hal: cam init ok[0m
[0;32mI (342) sccb-ng: pin_sda 26 pin_scl 27[0m
[0;32mI (342) sccb-ng: sccb_i2c_port=1[0m
[0;32mI (362) camera: Detected camera at address=0x3c[0m
[0;32mI (362) camera: Detected OV3660 camera[0m
[0;32mI (362) camera: Camera PID=0x3660 VER=0x00 MIDL=0x00 MIDH=0x00[0m
[0;32mI (672) cam_hal: buffer_size: 32768, half_buffer_size: 4096, node_buffer_size: 2048, node_cnt: 16, total_cnt: 23[0m
[0;32mI (672) cam_hal: Allocating 96000 Byte frame buffer in PSRAM[0m
[1;31mE (672) cam_hal: cam_dma_config(301): frame buffer malloc failed[0m
[1;31mE (682) cam_hal: cam_config(390): cam_dma_config failed[0m
[1;31mE (682) camera: Camera config failed with error 0xffffffff[0m
[1;31mE (692) camera: Camera init failed with error 0x-1[0m
[0;32mI (692) gpio: GPIO[13]| InputEn: 0| OutputEn: 1| OpenDrain: 0| Pullup: 0| Pulldown: 0| Intr:0 [0m
[1;31mE (752) sdmmc_sd: sdmmc_init_sd_ssr: sdmmc_send_cmd returned 0xffffffff[0m
[1;31mE (752) vfs_fat_sdmmc: sdmmc_card_init failed (0xffffffff).[0m
[0;32mI (752) gpio: GPIO[14]| InputEn: 0| OutputEn: 0| OpenDrain: 0| Pullup: 1| Pulldown: 0| Intr:0 [0m
[0;32mI (752) gpio: GPIO[15]| InputEn: 0| OutputEn: 0| OpenDrain: 0| Pullup: 1| Pulldown: 0| Intr:0 [0m
[0;32mI (762) gpio: GPIO[2]| InputEn: 0| OutputEn: 0| OpenDrain: 0| Pullup: 1| Pulldown: 0| Intr:0 [0m
[0;32mI (772) gpio: GPIO[4]| InputEn: 0| OutputEn: 0| OpenDrain: 0| Pullup: 1| Pulldown: 0| Intr:0 [0m
[0;32mI (782) gpio: GPIO[12]| InputEn: 0| OutputEn: 0| OpenDrain: 0| Pullup: 1| Pulldown: 0| Intr:0 [0m
[0;32mI (792) gpio: GPIO[13]| InputEn: 0| OutputEn: 0| OpenDrain: 0| Pullup: 1| Pulldown: 0| Intr:0 [0m
Guru Meditation Error: Core  0 panic'ed (LoadProhibited). Exception was unhandled.

Core  0 register dump:
PC      : 0x400d820d  PS      : 0x00060330  A0      : 0x800d82b1  A1      : 0x3ffb6a10  
A2      : 0x00000003  A3      : 0x3f402300  A4      : 0x3f402374  A5      : 0x3ffb6ae0  
A6      : 0x3ffb6a70  A7      : 0x00000000  A8      : 0x800d820a  A9      : 0x3ffb69f0  
A10     : 0x00000322  A11     : 0x3f403634  A12     : 0x3ffb6a70  A13     : 0x3ffb6aa8  
A14     : 0x3ffb6ab8  A15     : 0x00000001  SAR     : 0x00000013  EXCCAUSE: 0x0000001c  
EXCVADDR: 0x00000004  LBEG    : 0x4000c46c  LEND    : 0x4000c477  LCOUNT  : 0x00000000  


Backtrace: 0x400d820a:0x3ffb6a10 0x400d82ae:0x3ffb6ae0 0x40102d97:0x3ffb6b00 0x40086fa1:0x3ffb6b30




ELF file SHA256: b3e914c66

Rebooting...
ets Jul 29 2019 12:21:46

rst:0xc (SW_CPU_RESET),boot:0x1b (SPI_FAST_FLASH_BOOT)
configsip: 0, SPIWP:0xee
clk_drv:0x00,q_drv:0x00,d_drv:0x00,cs0_drv:0x00,hd_drv:0x00,wp_drv:0x00
mode:DIO, clock div:2
load:0x3fff0030,len:6328
load:0x40078000,len:15828
load:0x40080400,len:3860
entry 0x40080638
[0;32mI (27) boot: ESP-IDF v5.5-dev-1346-gcc9fb5bd5e 2nd stage bootloader[0m
[0;32mI (27) boot: compile time Jan 15 2025 23:47:32[0m
[0;32mI (27) boot: Multicore bootloader[0m
[0;32mI (30) boot: chip revision: v3.1[0m
[0;32mI (33) boot.esp32: SPI Speed      : 40MHz[0m
[0;32mI (37) boot.esp32: SPI Mode       : DIO[0m
[0;32mI (40) boot.esp32: SPI Flash Size : 2MB[0m
[0;32mI (44) boot: Enabling RNG early entropy source...[0m
[0;32mI (48) boot: Partition Table:[0m
[0;32mI (51) boot: ## Label            Usage          Type ST Offset   Length[0m
[0;32mI (57) boot:  0 nvs              WiFi data        01 02 00009000 00006000[0m
[0;32mI (64) boot:  1 phy_init         RF data          01 01 0000f000 00001000[0m
[0;32mI (70) boot:  2 factory          factory app      00 00 00010000 00100000[0m
[0;32mI (77) boot: End of partition table[0m
[0;32mI (80) esp_image: segment 0: paddr=00010020 vaddr=3f400020 size=12234h ( 74292) map[0m
[0;32mI (113) esp_image: segment 1: paddr=0002225c vaddr=3ff80000 size=0001ch (    28) load[0m
[0;32mI (113) esp_image: segment 2: paddr=00022280 vaddr=3ffb0000 size=03630h ( 13872) load[0m
[0;32mI (122) esp_image: segment 3: paddr=000258b8 vaddr=40080000 size=0a760h ( 42848) load[0m
[0;32mI (141) esp_image: segment 4: paddr=00030020 vaddr=400d0020 size=336b8h (210616) map[0m
[0;32mI (214) esp_image: segment 5: paddr=000636e0 vaddr=4008a760 size=037b0h ( 14256) load[0m
[0;32mI (226) boot: Loaded app from partition at offset 0x10000[0m
[0;32mI (227) boot: Disabling RNG early entropy source...[0m
[0;32mI (237) cpu_start: Multicore app[0m
[0;32mI (245) cpu_start: Pro cpu start user code[0m
[0;32mI (245) cpu_start: cpu freq: 160000000 Hz[0m
[0;32mI (245) app_init: Application information:[0m
[0;32mI (246) app_init: Project name:     main[0m
[0;32mI (249) app_init: App version:      b98c57f[0m
[0;32mI (253) app_init: Compile time:     Jan 15 2025 23:47:36[0m
[0;32mI (258) app_init: ELF file SHA256:  b3e914c66...[0m
[0;32mI (262) app_init: ESP-IDF:          v5.5-dev-1346-gcc9fb5bd5e[0m
[0;32mI (268) efuse_init: Min chip rev:     v0.0[0m
[0;32mI (272) efuse_init: Max chip rev:     v3.99 [0m
[0;32mI (276) efuse_init: Chip rev:         v3.1[0m
[0;32mI (280) heap_init: Initializing. RAM available for dynamic allocation:[0m
[0;32mI (286) heap_init: At 3FFAE6E0 len 00001920 (6 KiB): DRAM[0m
[0;32mI (291) heap_init: At 3FFB4808 len 0002B7F8 (173 KiB): DRAM[0m
[0;32mI (296) heap_init: At 3FFE0440 len 00003AE0 (14 KiB): D/IRAM[0m
[0;32mI (302) heap_init: At 3FFE4350 len 0001BCB0 (111 KiB): D/IRAM[0m
[0;32mI (307) heap_init: At 4008DF10 len 000120F0 (72 KiB): IRAM[0m
[0;32mI (314) spi_flash: detected chip: generic[0m
[0;32mI (316) spi_flash: flash io: dio[0m
[0;33mW (319) spi_flash: Detected size(4096k) larger than the size in the binary image header(2048k). Using the size in the binary image header.[0m
[0;32mI (332) main_task: Started on CPU0[0m
[0;32mI (342) main_task: Calling app_main()[0m
[0;32mI (342) gpio: GPIO[25]| InputEn: 1| OutputEn: 0| OpenDrain: 0| Pullup: 1| Pulldown: 0| Intr:2 [0m
[0;32mI (342) cam_hal: cam init ok[0m
[0;32mI (342) sccb-ng: pin_sda 26 pin_scl 27[0m
[0;32mI (342) sccb-ng: sccb_i2c_port=1[0m
[0;32mI (362) camera: Detected camera at address=0x3c[0m
[0;32mI (362) camera: Detected OV3660 camera[0m
[0;32mI (362) camera: Camera PID=0x3660 VER=0x00 MIDL=0x00 MIDH=0x00[0m
[0;32mI (672) cam_hal: buffer_size: 32768, half_buffer_size: 4096, node_buffer_size: 2048, node_cnt: 16, total_cnt: 23[0m
[0;32mI (672) cam_hal: Allocating 96000 Byte frame buffer in PSRAM[0m
[1;31mE (672) cam_hal: cam_dma_config(301): frame buffer malloc failed[0m
[1;31mE (682) cam_hal: cam_config(390): cam_dma_config failed[0m
[1;31mE (682) camera: Camera config failed with error 0xffffffff[0m
[1;31mE (692) camera: Camera init failed with error 0x-1[0m
[0;32mI (692) gpio: GPIO[13]| InputEn: 0| OutputEn: 1| OpenDrain: 0| Pullup: 0| Pulldown: 0| Intr:0 [0m
[1;31mE (752) sdmmc_sd: sdmmc_init_sd_ssr: sdmmc_send_cmd returned 0xffffffff[0m
[1;31mE (752) vfs_fat_sdmmc: sdmmc_card_init failed (0xffffffff).[0m
[0;32mI (752) gpio: GPIO[14]| InputEn: 0| OutputEn: 0| OpenDrain: 0| Pullup: 1| Pulldown: 0| Intr:0 [0m
[0;32mI (752) gpio: GPIO[15]| InputEn: 0| OutputEn: 0| OpenDrain: 0| Pullup: 1| Pulldown: 0| Intr:0 [0m
[0;32mI (762) gpio: GPIO[2]| InputEn: 0| OutputEn: 0| OpenDrain: 0| Pullup: 1| Pulldown: 0| Intr:0 [0m
[0;32mI (772) gpio: GPIO[4]| InputEn: 0| OutputEn: 0| OpenDrain: 0| Pullup: 1| Pulldown: 0| Intr:0 [0m
[0;32mI (782) gpio: GPIO[12]| InputEn: 0| OutputEn: 0| OpenDrain: 0| Pullup: 1| Pulldown: 0| Intr:0 [0m
[0;32mI (792) gpio: GPIO[13]| InputEn: 0| OutputEn: 0| OpenDrain: 0| Pullup: 1| Pulldown: 0| Intr:0 [0m
Guru Meditation Error: Core  0 panic'ed (LoadProhibited). Exception was unhandled.

Core  0 register dump:
PC      : 0x400d820d  PS      : 0x00060330  A0      : 0x800d82b1  A1      : 0x3ffb6a10  
A2      : 0x00000003  A3      : 0x3f402300  A4      : 0x3f402374  A5      : 0x3ffb6ae0  
A6      : 0x3ffb6a70  A7      : 0x00000000  A8      : 0x800d820a  A9      : 0x3ffb69f0  
A10     : 0x00000322  A11     : 0x3f403634  A12     : 0x3ffb6a70  A13     : 0x3ffb6aa8  
A14     : 0x3ffb6ab8  A15     : 0x00000001  SAR     : 0x00000013  EXCCAUSE: 0x0000001c  
EXCVADDR: 0x00000004  LBEG    : 0x4000c46c  LEND    : 0x4000c477  LCOUNT  : 0x00000000  


Backtrace: 0x400d820a:0x3ffb6a10 0x400d82ae:0x3ffb6ae0 0x40102d97:0x3ffb6b00 0x40086fa1:0x3ffb6b30




ELF file SHA256: b3e914c66

Rebooting...
ets Jul 29 2019 12:21:46

rst:0xc (SW_CPU_RESET),boot:0x1b (SPI_FAST_FLASH_BOOT)
configsip: 0, SPIWP:0xee
clk_drv:0x00,q_drv:0x00,d_drv:0x00,cs0_drv:0x00,hd_drv:0x00,wp_drv:0x00
mode:DIO, clock div:2
load:0x3fff0030,len:6328
load:0x40078000,len:15828
load:0x40080400,len:3860
entry 0x40080638
[0;32mI (27) boot: ESP-IDF v5.5-dev-1346-gcc9fb5bd5e 2nd stage bootloader[0m
[0;32mI (27) boot: compile time Jan 15 2025 23:47:32[0m
[0;32mI (27) boot: Multicore bootloader[0m
[0;32mI (30) boot: chip revision: v3.1[0m
[0;32mI (33) boot.esp32: SPI Speed      : 40MHz[0m
[0;32mI (37) boot.esp32: SPI Mode       : DIO[0m
[0;32mI (40) boot.esp32: SPI Flash Size : 2MB[0m
[0;32mI (44) boot: Enabling RNG early entropy source...[0m
[0;32mI (48) boot: Partition Table:[0m
[0;32mI (51) boot: ## Label            Usage          Type ST Offset   Length[0m
[0;32mI (57) boot:  0 nvs              WiFi data        01 02 00009000 00006000[0m
[0;32mI (64) boot:  1 phy_init         RF data          01 01 0000f000 00001000[0m
[0;32mI (70) boot:  2 factory          factory app      00 00 00010000 00100000[0m
[0;32mI (77) boot: End of partition table[0m
[0;32mI (80) esp_image: segment 0: paddr=00010020 vaddr=3f400020 size=12234h ( 74292) map[0m
[0;32mI (113) esp_image: segment 1: paddr=0002225c vaddr=3ff80000 size=0001ch (    28) load[0m
[0;32mI (113) esp_image: segment 2: paddr=00022280 vaddr=3ffb0000 size=03630h ( 13872) load[0m
[0;32mI (122) esp_image: segment 3: paddr=000258b8 vaddr=40080000 size=0a760h ( 42848) load[0m
[0;32mI (141) esp_image: segment 4: paddr=00030020 vaddr=400d0020 size=336b8h (210616) map[0m
[0;32mI (214) esp_image: segment 5: paddr=000636e0 vaddr=4008a760 size=037b0h ( 14256) load[0m
[0;32mI (226) boot: Loaded app from partition at offset 0x10000[0m
[0;32mI (227) boot: Disabling RNG early entropy source...[0m
[0;32mI (237) cpu_start: Multicore app[0m
[0;32mI (245) cpu_start: Pro cpu start user code[0m
[0;32mI (245) cpu_start: cpu freq: 160000000 Hz[0m
[0;32mI (245) app_init: Application information:[0m
[0;32mI (246) app_init: Project name:     main[0m
[0;32mI (249) app_init: App version:      b98c57f[0m
[0;32mI (253) app_init: Compile time:     Jan 15 2025 23:47:36[0m
[0;32mI (258) app_init: ELF file SHA256:  b3e914c66...[0m
[0;32mI (262) app_init: ESP-IDF:          v5.5-dev-1346-gcc9fb5bd5e[0m
[0;32mI (268) efuse_init: Min chip rev:     v0.0[0m
[0;32mI (272) efuse_init: Max chip rev:     v3.99 [0m
[0;32mI (276) efuse_init: Chip rev:         v3.1[0m
[0;32mI (280) heap_init: Initializing. RAM available for dynamic allocation:[0m
[0;32mI (286) heap_init: At 3FFAE6E0 len 00001920 (6 KiB): DRAM[0m
[0;32mI (291) heap_init: At 3FFB4808 len 0002B7F8 (173 KiB): DRAM[0m
[0;32mI (296) heap_init: At 3FFE0440 len 00003AE0 (14 KiB): D/IRAM[0m
[0;32mI (302) heap_init: At 3FFE4350 len 0001BCB0 (111 KiB): D/IRAM[0m
[0;32mI (307) heap_init: At 4008DF10 len 000120F0 (72 KiB): IRAM[0m
[0;32mI (314) spi_flash: detected chip: generic[0m
[0;32mI (316) spi_flash: flash io: dio[0m
[0;33mW (319) spi_flash: Detected size(4096k) larger than the size in the binary image header(2048k). Using the size in the binary image header.[0m
[0;32mI (332) main_task: Started on CPU0[0m
[0;32mI (342) main_task: Calling app_main()[0m
[0;32mI (342) gpio: GPIO[25]| InputEn: 1| OutputEn: 0| OpenDrain: 0| Pullup: 1| Pulldown: 0| Intr:2 [0m
[0;32mI (342) cam_hal: cam init ok[0m
[0;32mI (342) sccb-ng: pin_sda 26 pin_scl 27[0m
[0;32mI (342) sccb-ng: sccb_i2c_port=1[0m
[0;32mI (362) camera: Detected camera at address=0x3c[0m
[0;32mI (362) camera: Detected OV3660 camera[0m
[0;32mI (362) camera: Camera PID=0x3660 VER=0x00 MIDL=0x00 MIDH=0x00[0m
[0;32mI (672) cam_hal: buffer_size: 32768, half_buffer_size: 4096, node_buffer_size: 2048, node_cnt: 16, total_cnt: 23[0m
[0;32mI (672) cam_hal: Allocating 96000 Byte frame buffer in PSRAM[0m
[1;31mE (672) cam_hal: cam_dma_config(301): frame buffer malloc failed[0m
[1;31mE (682) cam_hal: cam_config(390): cam_dma_config failed[0m
[1;31mE (682) camera: Camera config failed with error 0xffffffff[0m
[1;31mE (692) camera: Camera init failed with error 0x-1[0m
[0;32mI (692) gpio: GPIO[13]| InputEn: 0| OutputEn: 1| OpenDrain: 0| Pullup: 0| Pulldown: 0| Intr:0 [0m
[1;31mE (752) sdmmc_sd: sdmmc_init_sd_ssr: sdmmc_send_cmd returned 0xffffffff[0m
[1;31mE (752) vfs_fat_sdmmc: sdmmc_card_init failed (0xffffffff).[0m
[0;32mI (752) gpio: GPIO[14]| InputEn: 0| OutputEn: 0| OpenDrain: 0| Pullup: 1| Pulldown: 0| Intr:0 [0m
[0;32mI (752) gpio: GPIO[15]| InputEn: 0| OutputEn: 0| OpenDrain: 0| Pullup: 1| Pulldown: 0| Intr:0 [0m
[0;32mI (762) gpio: GPIO[2]| InputEn: 0| OutputEn: 0| OpenDrain: 0| Pullup: 1| Pulldown: 0| Intr:0 [0m
[0;32mI (772) gpio: GPIO[4]| InputEn: 0| OutputEn: 0| OpenDrain: 0| Pullup: 1| Pulldown: 0| Intr:0 [0m
[0;32mI (782) gpio: GPIO[12]| InputEn: 0| OutputEn: 0| OpenDrain: 0| Pullup: 1| Pulldown: 0| Intr:0 [0m
[0;32mI (792) gpio: GPIO[13]| InputEn: 0| OutputEn: 0| OpenDrain: 0| Pullup: 1| Pulldown: 0| Intr:0 [0m
Guru Meditation Error: Core  0 panic'ed (LoadProhibited). Exception was unhandled.

Core  0 register dump:
PC      : 0x400d820d  PS      : 0x00060330  A0      : 0x800d82b1  A1      : 0x3ffb6a10  
A2      : 0x00000003  A3      : 0x3f402300  A4      : 0x3f402374  A5      : 0x3ffb6ae0  
A6      : 0x3ffb6a70  A7      : 0x00000000  A8      : 0x800d820a  A9      : 0x3ffb69f0  
A10     : 0x00000322  A11     : 0x3f403634  A12     : 0x3ffb6a70  A13     : 0x3ffb6aa8  
A14     : 0x3ffb6ab8  A15     : 0x00000001  SAR     : 0x00000013  EXCCAUSE: 0x0000001c  
EXCVADDR: 0x00000004  LBEG    : 0x4000c46c  LEND    : 0x4000c477  LCOUNT  : 0x00000000  


Backtrace: 0x400d820a:0x3ffb6a10 0x400d82ae:0x3ffb6ae0 0x40102d97:0x3ffb6b00 0x40086fa1:0x3ffb6b30




ELF file SHA256: b3e914c66

Rebooting...
ets Jul 29 2019 12:21:46

rst:0xc (SW_CPU_RESET),boot:0x1b (SPI_FAST_FLASH_BOOT)
configsip: 0, SPIWP:0xee
clk_drv:0x00,q_drv:0x00,d_drv:0x00,cs0_drv:0x00,hd_drv:0x00,wp_drv:0x00
mode:DIO, clock div:2
load:0x3fff0030,len:6328
load:0x40078000,len:15828
load:0x40080400,len:3860
entry 0x40080638
[0;32mI (27) boot: ESP-IDF v5.5-dev-1346-gcc9fb5bd5e 2nd stage bootloader[0m
[0;32mI (27) boot: compile time Jan 15 2025 23:47:32[0m
[0;32mI (27) boot: Multicore bootloader[0m
[0;32mI (30) boot: chip revision: v3.1[0m
[0;32mI (33) boot.esp32: SPI Speed      : 40MHz[0m
[0;32mI (37) boot.esp32: SPI Mode       : DIO[0m
[0;32mI (40) boot.esp32: SPI Flash Size : 2MB[0m
[0;32mI (44) boot: Enabling RNG early entropy source...[0m
[0;32mI (48) boot: Partition Table:[0m
[0;32mI (51) boot: ## Label            Usage          Type ST Offset   Length[0m
[0;32mI (57) boot:  0 nvs              WiFi data        01 02 00009000 00006000[0m
[0;32mI (64) boot:  1 phy_init         RF data          01 01 0000f000 00001000[0m
[0;32mI (70) boot:  2 factory          factory app      00 00 00010000 00100000[0m
[0;32mI (77) boot: End of partition table[0m
[0;32mI (80) esp_image: segment 0: paddr=00010020 vaddr=3f400020 size=12234h ( 74292) map[0m
[0;32mI (113) esp_image: segment 1: paddr=0002225c vaddr=3ff80000 size=0001ch (    28) load[0m
[0;32mI (113) esp_image: segment 2: paddr=00022280 vaddr=3ffb0000 size=03630h ( 13872) load[0m
[0;32mI (122) esp_image: segment 3: paddr=000258b8 vaddr=40080000 size=0a760h ( 42848) load[0m
[0;32mI (141) esp_image: segment 4: paddr=00030020 vaddr=400d0020 size=336b8h (210616) map[0m
[0;32mI (214) esp_image: segment 5: paddr=000636e0 vaddr=4008a760 size=037b0h ( 14256) load[0m
[0;32mI (226) boot: Loaded app from partition at offset 0x10000[0m
[0;32mI (227) boot: Disabling RNG early entropy source...[0m
[0;32mI (237) cpu_start: Multicore app[0m
[0;32mI (245) cpu_start: Pro cpu start user code[0m
[0;32mI (245) cpu_start: cpu freq: 160000000 Hz[0m
[0;32mI (245) app_init: Application information:[0m
[0;32mI (246) app_init: Project name:     main[0m
[0;32mI (249) app_init: App version:      b98c57f[0m
[0;32mI (253) app_init: Compile time:     Jan 15 2025 23:47:36[0m
[0;32mI (258) app_init: ELF file SHA256:  b3e914c66...[0m
[0;32mI (262) app_init: ESP-IDF:          v5.5-dev-1346-gcc9fb5bd5e[0m
[0;32mI (268) efuse_init: Min chip rev:     v0.0[0m
[0;32mI (272) efuse_init: Max chip rev:     v3.99 [0m
[0;32mI (276) efuse_init: Chip rev:         v3.1[0m
[0;32mI (280) heap_init: Initializing. RAM available for dynamic allocation:[0m
[0;32mI (286) heap_init: At 3FFAE6E0 len 00001920 (6 KiB): DRAM[0m
[0;32mI (291) heap_init: At 3FFB4808 len 0002B7F8 (173 KiB): DRAM[0m
[0;32mI (296) heap_init: At 3FFE0440 len 00003AE0 (14 KiB): D/IRAM[0m
[0;32mI (302) heap_init: At 3FFE4350 len 0001BCB0 (111 KiB): D/IRAM[0m
[0;32mI (307) heap_init: At 4008DF10 len 000120F0 (72 KiB): IRAM[0m
[0;32mI (314) spi_flash: detected chip: generic[0m
[0;32mI (316) spi_flash: flash io: dio[0m
[0;33mW (319) spi_flash: Detected size(4096k) larger than the size in the binary image header(2048k). Using the size in the binary image header.[0m
[0;32mI (332) main_task: Started on CPU0[0m
[0;32mI (342) main_task: Calling app_main()[0m
[0;32mI (342) gpio: GPIO[25]| InputEn: 1| OutputEn: 0| OpenDrain: 0| Pullup: 1| Pulldown: 0| Intr:2 [0m
[0;32mI (342) cam_hal: cam init ok[0m
[0;32mI (342) sccb-ng: pin_sda 26 pin_scl 27[0m
[0;32mI (342) sccb-ng: sccb_i2c_port=1[0m
[0;32mI (362) camera: Detected camera at address=0x3c[0m
[0;32mI (362) camera: Detected OV3660 camera[0m
[0;32mI (362) camera: Camera PID=0x3660 VER=0x00 MIDL=0x00 MIDH=0x00[0m
[0;32mI (672) cam_hal: buffer_size: 32768, half_buffer_size: 4096, node_buffer_size: 2048, node_cnt: 16, total_cnt: 23[0m
[0;32mI (672) cam_hal: Allocating 96000 Byte frame buffer in PSRAM[0m
[1;31mE (672) cam_hal: cam_dma_config(301): frame buffer malloc failed[0m
[1;31mE (682) cam_hal: cam_config(390): cam_dma_config failed[0m
[1;31mE (682) camera: Camera config failed with error 0xffffffff[0m
[1;31mE (692) camera: Camera init failed with error 0x-1[0m
[0;32mI (692) gpio: GPIO[13]| InputEn: 0| OutputEn: 1| OpenDrain: 0| Pullup: 0| Pulldown: 0| Intr:0 [0m
[1;31mE (752) sdmmc_sd: sdmmc_init_sd_ssr: sdmmc_send_cmd returned 0xffffffff[0m
[1;31mE (752) vfs_fat_sdmmc: sdmmc_card_init failed (0xffffffff).[0m
[0;32mI (752) gpio: GPIO[14]| InputEn: 0| OutputEn: 0| OpenDrain: 0| Pullup: 1| Pulldown: 0| Intr:0 [0m
[0;32mI (752) gpio: GPIO[15]| InputEn: 0| OutputEn: 0| OpenDrain: 0| Pullup: 1| Pulldown: 0| Intr:0 [0m
[0;32mI (762) gpio: GPIO[2]| InputEn: 0| OutputEn: 0| OpenDrain: 0| Pullup: 1| Pulldown: 0| Intr:0 [0m
[0;32mI (772) gpio: GPIO[4]| InputEn: 0| OutputEn: 0| OpenDrain: 0| Pullup: 1| Pulldown: 0| Intr:0 [0m
[0;32mI (782) gpio: GPIO[12]| InputEn: 0| OutputEn: 0| OpenDrain: 0| Pullup: 1| Pulldown: 0| Intr:0 [0m
